Archive member included to satisfy reference by file (symbol)

c:/st/stm32cubeide_1.6.1/stm32cubeide/plugins/com.st.stm32cube.ide.mcu.externaltools.gnu-tools-for-stm32.10.3-2021.10.win32_1.0.200.202301161003/tools/bin/../lib/gcc/arm-none-eabi/10.3.1/../../../../arm-none-eabi/lib/thumb/v7e-m+fp/hard\libc_nano.a(lib_a-errno.o)
                              ./Core/Src/syscalls.o (__errno)
c:/st/stm32cubeide_1.6.1/stm32cubeide/plugins/com.st.stm32cube.ide.mcu.externaltools.gnu-tools-for-stm32.10.3-2021.10.win32_1.0.200.202301161003/tools/bin/../lib/gcc/arm-none-eabi/10.3.1/../../../../arm-none-eabi/lib/thumb/v7e-m+fp/hard\libc_nano.a(lib_a-exit.o)
                              c:/st/stm32cubeide_1.6.1/stm32cubeide/plugins/com.st.stm32cube.ide.mcu.externaltools.gnu-tools-for-stm32.10.3-2021.10.win32_1.0.200.202301161003/tools/bin/../lib/gcc/arm-none-eabi/10.3.1/../../../../arm-none-eabi/lib/thumb/v7e-m+fp/hard/crt0.o (exit)
c:/st/stm32cubeide_1.6.1/stm32cubeide/plugins/com.st.stm32cube.ide.mcu.externaltools.gnu-tools-for-stm32.10.3-2021.10.win32_1.0.200.202301161003/tools/bin/../lib/gcc/arm-none-eabi/10.3.1/../../../../arm-none-eabi/lib/thumb/v7e-m+fp/hard\libc_nano.a(lib_a-impure.o)
                              c:/st/stm32cubeide_1.6.1/stm32cubeide/plugins/com.st.stm32cube.ide.mcu.externaltools.gnu-tools-for-stm32.10.3-2021.10.win32_1.0.200.202301161003/tools/bin/../lib/gcc/arm-none-eabi/10.3.1/../../../../arm-none-eabi/lib/thumb/v7e-m+fp/hard\libc_nano.a(lib_a-exit.o) (_global_impure_ptr)
c:/st/stm32cubeide_1.6.1/stm32cubeide/plugins/com.st.stm32cube.ide.mcu.externaltools.gnu-tools-for-stm32.10.3-2021.10.win32_1.0.200.202301161003/tools/bin/../lib/gcc/arm-none-eabi/10.3.1/../../../../arm-none-eabi/lib/thumb/v7e-m+fp/hard\libc_nano.a(lib_a-init.o)
                              c:/st/stm32cubeide_1.6.1/stm32cubeide/plugins/com.st.stm32cube.ide.mcu.externaltools.gnu-tools-for-stm32.10.3-2021.10.win32_1.0.200.202301161003/tools/bin/../lib/gcc/arm-none-eabi/10.3.1/../../../../arm-none-eabi/lib/thumb/v7e-m+fp/hard/crt0.o (__libc_init_array)
c:/st/stm32cubeide_1.6.1/stm32cubeide/plugins/com.st.stm32cube.ide.mcu.externaltools.gnu-tools-for-stm32.10.3-2021.10.win32_1.0.200.202301161003/tools/bin/../lib/gcc/arm-none-eabi/10.3.1/../../../../arm-none-eabi/lib/thumb/v7e-m+fp/hard\libc_nano.a(lib_a-memset.o)
                              c:/st/stm32cubeide_1.6.1/stm32cubeide/plugins/com.st.stm32cube.ide.mcu.externaltools.gnu-tools-for-stm32.10.3-2021.10.win32_1.0.200.202301161003/tools/bin/../lib/gcc/arm-none-eabi/10.3.1/../../../../arm-none-eabi/lib/thumb/v7e-m+fp/hard/crt0.o (memset)
c:/st/stm32cubeide_1.6.1/stm32cubeide/plugins/com.st.stm32cube.ide.mcu.externaltools.gnu-tools-for-stm32.10.3-2021.10.win32_1.0.200.202301161003/tools/bin/../lib/gcc/arm-none-eabi/10.3.1/../../../../arm-none-eabi/lib/thumb/v7e-m+fp/hard\libc_nano.a(lib_a-nano-vfprintf_float.o)
                              (_printf_float)
c:/st/stm32cubeide_1.6.1/stm32cubeide/plugins/com.st.stm32cube.ide.mcu.externaltools.gnu-tools-for-stm32.10.3-2021.10.win32_1.0.200.202301161003/tools/bin/../lib/gcc/arm-none-eabi/10.3.1/../../../../arm-none-eabi/lib/thumb/v7e-m+fp/hard\libc_nano.a(lib_a-nano-vfprintf_i.o)
                              c:/st/stm32cubeide_1.6.1/stm32cubeide/plugins/com.st.stm32cube.ide.mcu.externaltools.gnu-tools-for-stm32.10.3-2021.10.win32_1.0.200.202301161003/tools/bin/../lib/gcc/arm-none-eabi/10.3.1/../../../../arm-none-eabi/lib/thumb/v7e-m+fp/hard\libc_nano.a(lib_a-nano-vfprintf_float.o) (_printf_common)
c:/st/stm32cubeide_1.6.1/stm32cubeide/plugins/com.st.stm32cube.ide.mcu.externaltools.gnu-tools-for-stm32.10.3-2021.10.win32_1.0.200.202301161003/tools/bin/../lib/gcc/arm-none-eabi/10.3.1/../../../../arm-none-eabi/lib/thumb/v7e-m+fp/hard\libc_nano.a(lib_a-sprintf.o)
                              ./Core/Src/main.o (sprintf)
c:/st/stm32cubeide_1.6.1/stm32cubeide/plugins/com.st.stm32cube.ide.mcu.externaltools.gnu-tools-for-stm32.10.3-2021.10.win32_1.0.200.202301161003/tools/bin/../lib/gcc/arm-none-eabi/10.3.1/../../../../arm-none-eabi/lib/thumb/v7e-m+fp/hard\libc_nano.a(lib_a-strlen.o)
                              c:/st/stm32cubeide_1.6.1/stm32cubeide/plugins/com.st.stm32cube.ide.mcu.externaltools.gnu-tools-for-stm32.10.3-2021.10.win32_1.0.200.202301161003/tools/bin/../lib/gcc/arm-none-eabi/10.3.1/../../../../arm-none-eabi/lib/thumb/v7e-m+fp/hard\libc_nano.a(lib_a-nano-vfprintf_float.o) (strlen)
c:/st/stm32cubeide_1.6.1/stm32cubeide/plugins/com.st.stm32cube.ide.mcu.externaltools.gnu-tools-for-stm32.10.3-2021.10.win32_1.0.200.202301161003/tools/bin/../lib/gcc/arm-none-eabi/10.3.1/../../../../arm-none-eabi/lib/thumb/v7e-m+fp/hard\libc_nano.a(lib_a-dtoa.o)
[...]
Memory Configuration

Name             Origin             Length             Attributes
CCMRAM           0x0000000010000000 0x0000000000010000 xrw
RAM              0x0000000020000000 0x0000000000020000 xrw
FLASH            0x0000000008000000 0x0000000000100000 xr
*default*        0x0000000000000000 0xffffffffffffffff

Linker script and memory map

LOAD c:/st/stm32cubeide_1.6.1/stm32cubeide/plugins/com.st.stm32cube.ide.mcu.externaltools.gnu-tools-for-stm32.10.3-2021.10.win32_1.0.200.202301161003/tools/bin/../lib/gcc/arm-none-eabi/10.3.1/thumb/v7e-m+fp/hard/crti.o
LOAD c:/st/stm32cubeide_1.6.1/stm32cubeide/plugins/com.st.stm32cube.ide.mcu.externaltools.gnu-tools-for-stm32.10.3-2021.10.win32_1.0.200.202301161003/tools/bin/../lib/gcc/arm-none-eabi/10.3.1/thumb/v7e-m+fp/hard/crtbegin.o
LOAD c:/st/stm32cubeide_1.6.1/stm32cubeide/plugins/com.st.stm32cube.ide.mcu.externaltools.gnu-tools-for-stm32.10.3-2021.10.win32_1.0.200.202301161003/tools/bin/../lib/gcc/arm-none-eabi/10.3.1/../../../../arm-none-eabi/lib/thumb/v7e-m+fp/hard/crt0.o
LOAD ./Core/Src/main.o
LOAD ./Core/Src/stm32f4xx_hal_msp.o
LOAD ./Core/Src/stm32f4xx_it.o
LOAD ./Core/Src/syscalls.o
LOAD ./Core/Src/sysmem.o
LOAD ./Core/Src/system_stm32f4xx.o
LOAD ./Core/Startup/startup_stm32f405rgtx.o
LOAD ./Drivers/LIB/Scr/DLPF_lib.o
LOAD ./Drivers/LIB/Scr/FLASH_lib.o
LOAD ./Drivers/LIB/Scr/PID_lib.o
LOAD ./Drivers/STM32F4xx_HAL_Driver/Src/stm32f4xx_hal.o
LOAD ./Drivers/STM32F4xx_HAL_Driver/Src/stm32f4xx_hal_adc.o
LOAD ./Drivers/STM32F4xx_HAL_Driver/Src/stm32f4xx_hal_adc_ex.o
LOAD ./Drivers/STM32F4xx_HAL_Driver/Src/stm32f4xx_hal_can.o
LOAD ./Drivers/STM32F4xx_HAL_Driver/Src/stm32f4xx_hal_cortex.o
LOAD ./Drivers/STM32F4xx_HAL_Driver/Src/stm32f4xx_hal_dma.o
LOAD ./Drivers/STM32F4xx_HAL_Driver/Src/stm32f4xx_hal_dma_ex.o
LOAD ./Drivers/STM32F4xx_HAL_Driver/Src/stm32f4xx_hal_exti.o
LOAD ./Drivers/STM32F4xx_HAL_Driver/Src/stm32f4xx_hal_flash.o
LOAD ./Drivers/STM32F4xx_HAL_Driver/Src/stm32f4xx_hal_flash_ex.o
LOAD ./Drivers/STM32F4xx_HAL_Driver/Src/stm32f4xx_hal_flash_ramfunc.o
LOAD ./Drivers/STM32F4xx_HAL_Driver/Src/stm32f4xx_hal_gpio.o
LOAD ./Drivers/STM32F4xx_HAL_Driver/Src/stm32f4xx_hal_pcd.o
LOAD ./Drivers/STM32F4xx_HAL_Driver/Src/stm32f4xx_hal_pcd_ex.o
LOAD ./Drivers/STM32F4xx_HAL_Driver/Src/stm32f4xx_hal_pwr.o
LOAD ./Drivers/STM32F4xx_HAL_Driver/Src/stm32f4xx_hal_pwr_ex.o
LOAD ./Drivers/STM32F4xx_HAL_Driver/Src/stm32f4xx_hal_rcc.o
LOAD ./Drivers/STM32F4xx_HAL_Driver/Src/stm32f4xx_hal_rcc_ex.o
LOAD ./Drivers/STM32F4xx_HAL_Driver/Src/stm32f4xx_hal_spi.o
LOAD ./Drivers/STM32F4xx_HAL_Driver/Src/stm32f4xx_hal_tim.o
LOAD ./Drivers/STM32F4xx_HAL_Driver/Src/stm32f4xx_hal_tim_ex.o
LOAD ./Drivers/STM32F4xx_HAL_Driver/Src/stm32f4xx_ll_adc.o
LOAD ./Drivers/STM32F4xx_HAL_Driver/Src/stm32f4xx_ll_usb.o
LOAD ./Middlewares/ST/STM32_USB_Device_Library/Class/CDC/Src/usbd_cdc.o
LOAD ./Middlewares/ST/STM32_USB_Device_Library/Core/Src/usbd_core.o
LOAD ./Middlewares/ST/STM32_USB_Device_Library/Core/Src/usbd_ctlreq.o
LOAD ./Middlewares/ST/STM32_USB_Device_Library/Core/Src/usbd_ioreq.o
LOAD ./USB_DEVICE/App/usb_device.o
LOAD ./USB_DEVICE/App/usbd_cdc_if.o
LOAD ./USB_DEVICE/App/usbd_desc.o
LOAD ./USB_DEVICE/Target/usbd_conf.o
START GROUP
LOAD c:/st/stm32cubeide_1.6.1/stm32cubeide/plugins/com.st.stm32cube.ide.mcu.externaltools.gnu-tools-for-stm32.10.3-2021.10.win32_1.0.200.202301161003/tools/bin/../lib/gcc/arm-none-eabi/10.3.1/../../../../arm-none-eabi/lib/thumb/v7e-m+fp/hard\libc_nano.a
LOAD c:/st/stm32cubeide_1.6.1/stm32cubeide/plugins/com.st.stm32cube.ide.mcu.externaltools.gnu-tools-for-stm32.10.3-2021.10.win32_1.0.200.202301161003/tools/bin/../lib/gcc/arm-none-eabi/10.3.1/../../../../arm-none-eabi/lib/thumb/v7e-m+fp/hard\libm.a
END GROUP
START GROUP
LOAD c:/st/stm32cubeide_1.6.1/stm32cubeide/plugins/com.st.stm32cube.ide.mcu.externaltools.gnu-tools-for-stm32.10.3-2021.10.win32_1.0.200.202301161003/tools/bin/../lib/gcc/arm-none-eabi/10.3.1/thumb/v7e-m+fp/hard\libgcc.a
LOAD c:/st/stm32cubeide_1.6.1/stm32cubeide/plugins/com.st.stm32cube.ide.mcu.externaltools.gnu-tools-for-stm32.10.3-2021.10.win32_1.0.200.202301161003/tools/bin/../lib/gcc/arm-none-eabi/10.3.1/../../../../arm-none-eabi/lib/thumb/v7e-m+fp/hard\libc_nano.a
END GROUP
START GROUP
LOAD c:/st/stm32cubeide_1.6.1/stm32cubeide/plugins/com.st.stm32cube.ide.mcu.externaltools.gnu-tools-for-stm32.10.3-2021.10.win32_1.0.200.202301161003/tools/bin/../lib/gcc/arm-none-eabi/10.3.1/thumb/v7e-m+fp/hard\libgcc.a
LOAD c:/st/stm32cubeide_1.6.1/stm32cubeide/plugins/com.st.stm32cube.ide.mcu.externaltools.gnu-tools-for-stm32.10.3-2021.10.win32_1.0.200.202301161003/tools/bin/../lib/gcc/arm-none-eabi/10.3.1/../../../../arm-none-eabi/lib/thumb/v7e-m+fp/hard\libc_nano.a
LOAD c:/st/stm32cubeide_1.6.1/stm32cubeide/plugins/com.st.stm32cube.ide.mcu.externaltools.gnu-tools-for-stm32.10.3-2021.10.win32_1.0.200.202301161003/tools/bin/../lib/gcc/arm-none-eabi/10.3.1/../../../../arm-none-eabi/lib/thumb/v7e-m+fp/hard\libnosys.a
END GROUP
START GROUP
LOAD c:/st/stm32cubeide_1.6.1/stm32cubeide/plugins/com.st.stm32cube.ide.mcu.externaltools.gnu-tools-for-stm32.10.3-2021.10.win32_1.0.200.202301161003/tools/bin/../lib/gcc/arm-none-eabi/10.3.1/thumb/v7e-m+fp/hard\libgcc.a
LOAD c:/st/stm32cubeide_1.6.1/stm32cubeide/plugins/com.st.stm32cube.ide.mcu.externaltools.gnu-tools-for-stm32.10.3-2021.10.win32_1.0.200.202301161003/tools/bin/../lib/gcc/arm-none-eabi/10.3.1/../../../../arm-none-eabi/lib/thumb/v7e-m+fp/hard\libc_nano.a
LOAD c:/st/stm32cubeide_1.6.1/stm32cubeide/plugins/com.st.stm32cube.ide.mcu.externaltools.gnu-tools-for-stm32.10.3-2021.10.win32_1.0.200.202301161003/tools/bin/../lib/gcc/arm-none-eabi/10.3.1/../../../../arm-none-eabi/lib/thumb/v7e-m+fp/hard\libnosys.a
END GROUP
LOAD c:/st/stm32cubeide_1.6.1/stm32cubeide/plugins/com.st.stm32cube.ide.mcu.externaltools.gnu-tools-for-stm32.10.3-2021.10.win32_1.0.200.202301161003/tools/bin/../lib/gcc/arm-none-eabi/10.3.1/thumb/v7e-m+fp/hard/crtend.o
LOAD c:/st/stm32cubeide_1.6.1/stm32cubeide/plugins/com.st.stm32cube.ide.mcu.externaltools.gnu-tools-for-stm32.10.3-2021.10.win32_1.0.200.202301161003/tools/bin/../lib/gcc/arm-none-eabi/10.3.1/thumb/v7e-m+fp/hard/crtn.o
                0x0000000020020000                _estack = (ORIGIN (RAM) + LENGTH (RAM))
                0x0000000000000200                _Min_Heap_Size = 0x200
                0x0000000000000400                _Min_Stack_Size = 0x400

.isr_vector     0x0000000008000000      0x188
                0x0000000008000000                . = ALIGN (0x4)
 *(.isr_vector)
 .isr_vector    0x0000000008000000      0x188 ./Core/Startup/startup_stm32f405rgtx.o
                0x0000000008000000                g_pfnVectors
                0x0000000008000188                . = ALIGN (0x4)

.text           0x0000000008000190    0x13cf4
                0x0000000008000190                . = ALIGN (0x4)
 *(.text)
 .text          0x0000000008000190       0x40 c:/st/stm32cubeide_1.6.1/stm32cubeide/plugins/com.st.stm32cube.ide.mcu.externaltools.gnu-tools-for-stm32.10.3-2021.10.win32_1.0.200.202301161003/tools/bin/../lib/gcc/arm-none-eabi/10.3.1/thumb/v7e-m+fp/hard/crtbegin.o
 .text          0x00000000080001d0       0x10 c:/st/stm32cubeide_1.6.1/stm32cubeide/plugins/com.st.stm32cube.ide.mcu.externaltools.gnu-tools-for-stm32.10.3-2021.10.win32_1.0.200.202301161003/tools/bin/../lib/gcc/arm-none-eabi/10.3.1/../../../../arm-none-eabi/lib/thumb/v7e-m+fp/hard\libc_nano.a(lib_a-strlen.o)
                0x00000000080001d0                strlen
 .text          0x00000000080001e0       0xa0 c:/st/stm32cubeide_1.6.1/stm32cubeide/plugins/com.st.stm32cube.ide.mcu.externaltools.gnu-tools-for-stm32.10.3-2021.10.win32_1.0.200.202301161003/tools/bin/../lib/gcc/arm-none-eabi/10.3.1/../../../../arm-none-eabi/lib/thumb/v7e-m+fp/hard\libc_nano.a(lib_a-memchr.o)
                0x00000000080001e0                memchr
 .text          0x0000000008000280      0x378 c:/st/stm32cubeide_1.6.1/stm32cubeide/plugins/com.st.stm32cube.ide.mcu.externaltools.gnu-tools-for-stm32.10.3-2021.10.win32_1.0.200.202301161003/tools/bin/../lib/gcc/arm-none-eabi/10.3.1/thumb/v7e-m+fp/hard\libgcc.a(_arm_addsubdf3.o)
                0x0000000008000280                __aeabi_drsub
                0x0000000008000288                __aeabi_dsub
                0x0000000008000288                __subdf3
                0x000000000800028c                __aeabi_dadd
                0x000000000800028c                __adddf3
                0x0000000008000504                __floatunsidf
                0x0000000008000504                __aeabi_ui2d
                0x0000000008000524                __floatsidf
                0x0000000008000524                __aeabi_i2d
                0x0000000008000548                __aeabi_f2d
                0x0000000008000548                __extendsfdf2
                0x000000000800058c                __floatundidf
                0x000000000800058c                __aeabi_ul2d
                0x000000000800059c                __floatdidf
                0x000000000800059c                __aeabi_l2d
 .text          0x00000000080005f8      0x424 c:/st/stm32cubeide_1.6.1/stm32cubeide/plugins/com.st.stm32cube.ide.mcu.externaltools.gnu-tools-for-stm32.10.3-2021.10.win32_1.0.200.202301161003/tools/bin/../lib/gcc/arm-none-eabi/10.3.1/thumb/v7e-m+fp/hard\libgcc.a(_arm_muldivdf3.o)
                0x00000000080005f8                __aeabi_dmul
                0x00000000080005f8                __muldf3
                0x000000000800084c                __divdf3
                0x000000000800084c                __aeabi_ddiv
 .text          0x0000000008000a1c      0x110 c:/st/stm32cubeide_1.6.1/stm32cubeide/plugins/com.st.stm32cube.ide.mcu.externaltools.gnu-tools-for-stm32.10.3-2021.10.win32_1.0.200.202301161003/tools/bin/../lib/gcc/arm-none-eabi/10.3.1/thumb/v7e-m+fp/hard\libgcc.a(_arm_cmpdf2.o)
                0x0000000008000a1c                __gtdf2
                0x0000000008000a1c                __gedf2
                0x0000000008000a24                __ltdf2
                0x0000000008000a24                __ledf2
                0x0000000008000a2c                __nedf2
                0x0000000008000a2c                __eqdf2
                0x0000000008000a2c                __cmpdf2
                0x0000000008000aa8                __aeabi_cdrcmple
                0x0000000008000ab8                __aeabi_cdcmpeq
                0x0000000008000ab8                __aeabi_cdcmple
                0x0000000008000ac8                __aeabi_dcmpeq
                0x0000000008000adc                __aeabi_dcmplt
                0x0000000008000af0                __aeabi_dcmple
                0x0000000008000b04                __aeabi_dcmpge
                0x0000000008000b18                __aeabi_dcmpgt
 .text          0x0000000008000b2c       0x2c c:/st/stm32cubeide_1.6.1/stm32cubeide/plugins/com.st.stm32cube.ide.mcu.externaltools.gnu-tools-for-stm32.10.3-2021.10.win32_1.0.200.202301161003/tools/bin/../lib/gcc/arm-none-eabi/10.3.1/thumb/v7e-m+fp/hard\libgcc.a(_arm_unorddf2.o)
                0x0000000008000b2c                __unorddf2
                0x0000000008000b2c                __aeabi_dcmpun
 .text          0x0000000008000b58       0x50 c:/st/stm32cubeide_1.6.1/stm32cubeide/plugins/com.st.stm32cube.ide.mcu.externaltools.gnu-tools-for-stm32.10.3-2021.10.win32_1.0.200.202301161003/tools/bin/../lib/gcc/arm-none-eabi/10.3.1/thumb/v7e-m+fp/hard\libgcc.a(_arm_fixdfsi.o)
                0x0000000008000b58                __aeabi_d2iz
                0x0000000008000b58                __fixdfsi
 .text          0x0000000008000ba8       0x40 c:/st/stm32cubeide_1.6.1/stm32cubeide/plugins/com.st.stm32cube.ide.mcu.externaltools.gnu-tools-for-stm32.10.3-2021.10.win32_1.0.200.202301161003/tools/bin/../lib/gcc/arm-none-eabi/10.3.1/thumb/v7e-m+fp/hard\libgcc.a(_arm_fixunsdfsi.o)
                0x0000000008000ba8                __aeabi_d2uiz
                0x0000000008000ba8                __fixunsdfsi
 .text          0x0000000008000be8       0xa0 c:/st/stm32cubeide_1.6.1/stm32cubeide/plugins/com.st.stm32cube.ide.mcu.externaltools.gnu-tools-for-stm32.10.3-2021.10.win32_1.0.200.202301161003/tools/bin/../lib/gcc/arm-none-eabi/10.3.1/thumb/v7e-m+fp/hard\libgcc.a(_arm_truncdfsf2.o)
                0x0000000008000be8                __truncdfsf2
                0x0000000008000be8                __aeabi_d2f
 .text          0x0000000008000c88       0x30 c:/st/stm32cubeide_1.6.1/stm32cubeide/plugins/com.st.stm32cube.ide.mcu.externaltools.gnu-tools-for-stm32.10.3-2021.10.win32_1.0.200.202301161003/tools/bin/../lib/gcc/arm-none-eabi/10.3.1/thumb/v7e-m+fp/hard\libgcc.a(_aeabi_uldivmod.o)
                0x0000000008000c88                __aeabi_uldivmod
 .text          0x0000000008000cb8      0x2d0 c:/st/stm32cubeide_1.6.1/stm32cubeide/plugins/com.st.stm32cube.ide.mcu.externaltools.gnu-tools-for-stm32.10.3-2021.10.win32_1.0.200.202301161003/tools/bin/../lib/gcc/arm-none-eabi/10.3.1/thumb/v7e-m+fp/hard\libgcc.a(_udivmoddi4.o)
                0x0000000008000cb8                __udivmoddi4
 .text          0x0000000008000f88        0x4 c:/st/stm32cubeide_1.6.1/stm32cubeide/plugins/com.st.stm32cube.ide.mcu.externaltools.gnu-tools-for-stm32.10.3-2021.10.win32_1.0.200.202301161003/tools/bin/../lib/gcc/arm-none-eabi/10.3.1/thumb/v7e-m+fp/hard\libgcc.a(_dvmd_tls.o)
                0x0000000008000f88                __aeabi_idiv0
                0x0000000008000f88                __aeabi_ldiv0
 *(.text*)
 .text.CAN_filter_config
                0x0000000008000f8c       0x50 ./Core/Src/main.o
                0x0000000008000f8c                CAN_filter_config
 .text.CAN_get_wheel
                0x0000000008000fdc      0x19c ./Core/Src/main.o
                0x0000000008000fdc                CAN_get_wheel
 .text.CAN_get_zero_offset
                0x0000000008001178       0x48 ./Core/Src/main.o
                0x0000000008001178                CAN_get_zero_offset
 .text.CAN_send_wheel
                0x00000000080011c0       0xe0 ./Core/Src/main.o
                0x00000000080011c0                CAN_send_wheel
 .text.CAN_send_ok
                0x00000000080012a0       0x44 ./Core/Src/main.o
                0x00000000080012a0                CAN_send_ok
 .text.blink_respone
                0x00000000080012e4       0xf8 ./Core/Src/main.o
                0x00000000080012e4                blink_respone
 .text.AS5048A_send_data
                0x00000000080013dc       0x68 ./Core/Src/main.o
                0x00000000080013dc                AS5048A_send_data
 *fill*         0x0000000008001444        0x4 
 .text.BLDC_init
                0x0000000008001448      0x304 ./Core/Src/main.o
                0x0000000008001448                BLDC_init
 *fill*         0x000000000800174c        0x4 
 .text.BLDC_get_current
                0x0000000008001750      0x1f8 ./Core/Src/main.o
                0x0000000008001750                BLDC_get_current
 .text.BLDC_get_current_filter
                0x0000000008001948       0x5e ./Core/Src/main.o
                0x0000000008001948                BLDC_get_current_filter
 *fill*         0x00000000080019a6        0x2 
 .text.BLDC_clark_park_trans
                0x00000000080019a8      0x1ac ./Core/Src/main.o
                0x00000000080019a8                BLDC_clark_park_trans
 *fill*         0x0000000008001b54        0x4 
 .text.BLDC_inv_clark_park_trans
                0x0000000008001b58      0x1cc ./Core/Src/main.o
                0x0000000008001b58                BLDC_inv_clark_park_trans
 *fill*         0x0000000008001d24        0x4 
 .text.BLDC_spwm
                0x0000000008001d28      0x1a4 ./Core/Src/main.o
                0x0000000008001d28                BLDC_spwm
 .text.BLDC_beep
                0x0000000008001ecc       0xe4 ./Core/Src/main.o
                0x0000000008001ecc                BLDC_beep
 .text.BLDC_get_sector
                0x0000000008001fb0      0x26c ./Core/Src/main.o
                0x0000000008001fb0                BLDC_get_sector
 .text.BLDC_rpm_sens
                0x000000000800221c       0x74 ./Core/Src/main.o
                0x000000000800221c                BLDC_rpm_sens
 .text.BLDC_get_rpm
                0x0000000008002290       0x60 ./Core/Src/main.o
                0x0000000008002290                BLDC_get_rpm
 .text.BLDC_set_speed
                0x00000000080022f0      0x514 ./Core/Src/main.o
                0x00000000080022f0                BLDC_set_speed
 *fill*         0x0000000008002804        0x4 
 .text.BLDC_set_angle
                0x0000000008002808      0x1a0 ./Core/Src/main.o
                0x0000000008002808                BLDC_set_angle
 .text.CAN_get_z
                0x00000000080029a8       0x48 ./Core/Src/main.o
                0x00000000080029a8                CAN_get_z
 .text.BLDC2_zero_cal
                0x00000000080029f0       0xc8 ./Core/Src/main.o
                0x00000000080029f0                BLDC2_zero_cal
 .text.str2float
                0x0000000008002ab8      0x1b0 ./Core/Src/main.o
                0x0000000008002ab8                str2float
 .text.str_compare
                0x0000000008002c68       0x4c ./Core/Src/main.o
                0x0000000008002c68                str_compare
 .text.usb_motor_calibrate
                0x0000000008002cb4       0x30 ./Core/Src/main.o
                0x0000000008002cb4                usb_motor_calibrate
 .text.pid_setting
                0x0000000008002ce4      0x1dc ./Core/Src/main.o
                0x0000000008002ce4                pid_setting
 .text.zero_mosfet
                0x0000000008002ec0       0x70 ./Core/Src/main.o
                0x0000000008002ec0                zero_mosfet
 .text.zero_steer
                0x0000000008002f30       0xc4 ./Core/Src/main.o
                0x0000000008002f30                zero_steer
 *fill*         0x0000000008002ff4        0x4 
 .text.wheel_init
                0x0000000008002ff8       0xa8 ./Core/Src/main.o
                0x0000000008002ff8                wheel_init
 .text.HAL_ADCEx_InjectedConvCpltCallback
                0x00000000080030a0       0xa8 ./Core/Src/main.o
                0x00000000080030a0                HAL_ADCEx_InjectedConvCpltCallback
 .text.HAL_TIM_IC_CaptureCallback
                0x0000000008003148       0x48 ./Core/Src/main.o
                0x0000000008003148                HAL_TIM_IC_CaptureCallback
 .text.HAL_TIM_PeriodElapsedCallback
                0x0000000008003190       0x70 ./Core/Src/main.o
                0x0000000008003190                HAL_TIM_PeriodElapsedCallback
 .text.HAL_SPI_TxRxCpltCallback
                0x0000000008003200      0x254 ./Core/Src/main.o
                0x0000000008003200                HAL_SPI_TxRxCpltCallback
 .text.HAL_GPIO_EXTI_Callback
                0x0000000008003454       0x60 ./Core/Src/main.o
                0x0000000008003454                HAL_GPIO_EXTI_Callback
 .text.HAL_CAN_RxFifo0MsgPendingCallback
                0x00000000080034b4       0xac ./Core/Src/main.o
                0x00000000080034b4                HAL_CAN_RxFifo0MsgPendingCallback
 .text.main     0x0000000008003560      0x114 ./Core/Src/main.o
                0x0000000008003560                main
 .text.SystemClock_Config
                0x0000000008003674       0xd4 ./Core/Src/main.o
                0x0000000008003674                SystemClock_Config
 .text.MX_ADC1_Init
                0x0000000008003748       0xa4 ./Core/Src/main.o
 .text.MX_ADC2_Init
                0x00000000080037ec      0x164 ./Core/Src/main.o
 .text.MX_ADC3_Init
                0x0000000008003950      0x164 ./Core/Src/main.o
 .text.MX_CAN1_Init
                0x0000000008003ab4       0x70 ./Core/Src/main.o
 .text.MX_SPI1_Init
                0x0000000008003b24       0x6c ./Core/Src/main.o
 .text.MX_TIM1_Init
                0x0000000008003b90      0x188 ./Core/Src/main.o
 .text.MX_TIM2_Init
                0x0000000008003d18       0xcc ./Core/Src/main.o
 .text.MX_TIM3_Init
                0x0000000008003de4       0x9c ./Core/Src/main.o
 .text.MX_TIM4_Init
                0x0000000008003e80       0x9c ./Core/Src/main.o
 .text.MX_TIM5_Init
                0x0000000008003f1c       0xd0 ./Core/Src/main.o
 .text.MX_TIM7_Init
                0x0000000008003fec       0x68 ./Core/Src/main.o
 .text.MX_TIM8_Init
                0x0000000008004054      0x188 ./Core/Src/main.o
 .text.MX_DMA_Init
                0x00000000080041dc       0x80 ./Core/Src/main.o
 .text.MX_GPIO_Init
                0x000000000800425c      0x160 ./Core/Src/main.o
 .text.Error_Handler
                0x00000000080043bc        0xa ./Core/Src/main.o
                0x00000000080043bc                Error_Handler
 *fill*         0x00000000080043c6        0x2 
 .text.HAL_MspInit
                0x00000000080043c8       0x50 ./Core/Src/stm32f4xx_hal_msp.o
                0x00000000080043c8                HAL_MspInit
 .text.HAL_ADC_MspInit
                0x0000000008004418      0x2fc ./Core/Src/stm32f4xx_hal_msp.o
                0x0000000008004418                HAL_ADC_MspInit
 .text.HAL_CAN_MspInit
                0x0000000008004714       0xb0 ./Core/Src/stm32f4xx_hal_msp.o
                0x0000000008004714                HAL_CAN_MspInit
 .text.HAL_SPI_MspInit
                0x00000000080047c4      0x1ac ./Core/Src/stm32f4xx_hal_msp.o
                0x00000000080047c4                HAL_SPI_MspInit
 .text.HAL_TIM_Base_MspInit
                0x0000000008004970      0x264 ./Core/Src/stm32f4xx_hal_msp.o
                0x0000000008004970                HAL_TIM_Base_MspInit
 .text.HAL_TIM_MspPostInit
                0x0000000008004bd4       0xc8 ./Core/Src/stm32f4xx_hal_msp.o
                0x0000000008004bd4                HAL_TIM_MspPostInit
 .text.NMI_Handler
                0x0000000008004c9c        0x6 ./Core/Src/stm32f4xx_it.o
                0x0000000008004c9c                NMI_Handler
 .text.HardFault_Handler
                0x0000000008004ca2        0x6 ./Core/Src/stm32f4xx_it.o
                0x0000000008004ca2                HardFault_Handler
 .text.MemManage_Handler
                0x0000000008004ca8        0x6 ./Core/Src/stm32f4xx_it.o
                0x0000000008004ca8                MemManage_Handler
 .text.BusFault_Handler
                0x0000000008004cae        0x6 ./Core/Src/stm32f4xx_it.o
                0x0000000008004cae                BusFault_Handler
 .text.UsageFault_Handler
                0x0000000008004cb4        0x6 ./Core/Src/stm32f4xx_it.o
                0x0000000008004cb4                UsageFault_Handler
 .text.SVC_Handler
                0x0000000008004cba        0xe ./Core/Src/stm32f4xx_it.o
                0x0000000008004cba                SVC_Handler
 .text.DebugMon_Handler
                0x0000000008004cc8        0xe ./Core/Src/stm32f4xx_it.o
                0x0000000008004cc8                DebugMon_Handler
 .text.PendSV_Handler
                0x0000000008004cd6        0xe ./Core/Src/stm32f4xx_it.o
                0x0000000008004cd6                PendSV_Handler
 .text.SysTick_Handler
                0x0000000008004ce4        0xc ./Core/Src/stm32f4xx_it.o
                0x0000000008004ce4                SysTick_Handler
 .text.ADC_IRQHandler
                0x0000000008004cf0       0x28 ./Core/Src/stm32f4xx_it.o
                0x0000000008004cf0                ADC_IRQHandler
 .text.CAN1_RX0_IRQHandler
                0x0000000008004d18       0x14 ./Core/Src/stm32f4xx_it.o
                0x0000000008004d18                CAN1_RX0_IRQHandler
 .text.CAN1_RX1_IRQHandler
                0x0000000008004d2c       0x14 ./Core/Src/stm32f4xx_it.o
                0x0000000008004d2c                CAN1_RX1_IRQHandler
 .text.TIM2_IRQHandler
                0x0000000008004d40       0x14 ./Core/Src/stm32f4xx_it.o
                0x0000000008004d40                TIM2_IRQHandler
 .text.TIM3_IRQHandler
                0x0000000008004d54       0x14 ./Core/Src/stm32f4xx_it.o
                0x0000000008004d54                TIM3_IRQHandler
 .text.TIM4_IRQHandler
                0x0000000008004d68       0x14 ./Core/Src/stm32f4xx_it.o
                0x0000000008004d68                TIM4_IRQHandler
 .text.SPI1_IRQHandler
                0x0000000008004d7c       0x14 ./Core/Src/stm32f4xx_it.o
                0x0000000008004d7c                SPI1_IRQHandler
 .text.EXTI15_10_IRQHandler
                0x0000000008004d90       0x10 ./Core/Src/stm32f4xx_it.o
                0x0000000008004d90                EXTI15_10_IRQHandler
 .text.TIM5_IRQHandler
                0x0000000008004da0       0x14 ./Core/Src/stm32f4xx_it.o
                0x0000000008004da0                TIM5_IRQHandler
 .text.TIM7_IRQHandler
                0x0000000008004db4       0x14 ./Core/Src/stm32f4xx_it.o
                0x0000000008004db4                TIM7_IRQHandler
 .text.DMA2_Stream0_IRQHandler
                0x0000000008004dc8       0x14 ./Core/Src/stm32f4xx_it.o
                0x0000000008004dc8                DMA2_Stream0_IRQHandler
 .text.DMA2_Stream2_IRQHandler
                0x0000000008004ddc       0x14 ./Core/Src/stm32f4xx_it.o
                0x0000000008004ddc                DMA2_Stream2_IRQHandler
 .text.DMA2_Stream3_IRQHandler
                0x0000000008004df0       0x14 ./Core/Src/stm32f4xx_it.o
                0x0000000008004df0                DMA2_Stream3_IRQHandler
 .text.DMA2_Stream4_IRQHandler
                0x0000000008004e04       0x14 ./Core/Src/stm32f4xx_it.o
                0x0000000008004e04                DMA2_Stream4_IRQHandler
 .text.OTG_FS_IRQHandler
                0x0000000008004e18       0x14 ./Core/Src/stm32f4xx_it.o
                0x0000000008004e18                OTG_FS_IRQHandler
 .text.DMA2_Stream5_IRQHandler
                0x0000000008004e2c       0x14 ./Core/Src/stm32f4xx_it.o
                0x0000000008004e2c                DMA2_Stream5_IRQHandler
 .text._getpid  0x0000000008004e40       0x10 ./Core/Src/syscalls.o
                0x0000000008004e40                _getpid
 .text._kill    0x0000000008004e50       0x20 ./Core/Src/syscalls.o
                0x0000000008004e50                _kill
 .text._exit    0x0000000008004e70       0x14 ./Core/Src/syscalls.o
                0x0000000008004e70                _exit
 .text._read    0x0000000008004e84       0x3a ./Core/Src/syscalls.o
                0x0000000008004e84                _read
 .text._write   0x0000000008004ebe       0x38 ./Core/Src/syscalls.o
                0x0000000008004ebe                _write
 .text._close   0x0000000008004ef6       0x18 ./Core/Src/syscalls.o
                0x0000000008004ef6                _close
 .text._fstat   0x0000000008004f0e       0x20 ./Core/Src/syscalls.o
                0x0000000008004f0e                _fstat
 .text._isatty  0x0000000008004f2e       0x16 ./Core/Src/syscalls.o
                0x0000000008004f2e                _isatty
 .text._lseek   0x0000000008004f44       0x1a ./Core/Src/syscalls.o
                0x0000000008004f44                _lseek
 *fill*         0x0000000008004f5e        0x2 
 .text._sbrk    0x0000000008004f60       0x6c ./Core/Src/sysmem.o
                0x0000000008004f60                _sbrk
 .text.SystemInit
                0x0000000008004fcc       0x24 ./Core/Src/system_stm32f4xx.o
                0x0000000008004fcc                SystemInit
 .text.Reset_Handler
                0x0000000008004ff0       0x50 ./Core/Startup/startup_stm32f405rgtx.o
                0x0000000008004ff0                Reset_Handler
 .text.Default_Handler
                0x0000000008005040        0x2 ./Core/Startup/startup_stm32f405rgtx.o
                0x0000000008005040                RTC_Alarm_IRQHandler
                0x0000000008005040                HASH_RNG_IRQHandler
                0x0000000008005040                EXTI2_IRQHandler
                0x0000000008005040                TIM8_CC_IRQHandler
                0x0000000008005040                TIM1_CC_IRQHandler
                0x0000000008005040                DMA1_Stream5_IRQHandler
                0x0000000008005040                PVD_IRQHandler
                0x0000000008005040                SDIO_IRQHandler
                0x0000000008005040                TAMP_STAMP_IRQHandler
                0x0000000008005040                CAN2_RX1_IRQHandler
                0x0000000008005040                EXTI3_IRQHandler
                0x0000000008005040                TIM8_TRG_COM_TIM14_IRQHandler
                0x0000000008005040                TIM1_UP_TIM10_IRQHandler
                0x0000000008005040                TIM8_UP_TIM13_IRQHandler
                0x0000000008005040                I2C3_ER_IRQHandler
                0x0000000008005040                EXTI0_IRQHandler
                0x0000000008005040                I2C2_EV_IRQHandler
                0x0000000008005040                DMA1_Stream2_IRQHandler
                0x0000000008005040                FPU_IRQHandler
                0x0000000008005040                OTG_HS_WKUP_IRQHandler
                0x0000000008005040                CAN2_SCE_IRQHandler
                0x0000000008005040                TIM6_DAC_IRQHandler
                0x0000000008005040                TIM1_BRK_TIM9_IRQHandler
                0x0000000008005040                CAN2_RX0_IRQHandler
                0x0000000008005040                USART6_IRQHandler
                0x0000000008005040                USART3_IRQHandler
                0x0000000008005040                UART5_IRQHandler
                0x0000000008005040                I2C1_EV_IRQHandler
                0x0000000008005040                DMA1_Stream6_IRQHandler
                0x0000000008005040                DMA1_Stream1_IRQHandler
                0x0000000008005040                UART4_IRQHandler
                0x0000000008005040                RCC_IRQHandler
                0x0000000008005040                TIM8_BRK_TIM12_IRQHandler
                0x0000000008005040                Default_Handler
                0x0000000008005040                DMA1_Stream7_IRQHandler
                0x0000000008005040                CAN2_TX_IRQHandler
                0x0000000008005040                DMA2_Stream7_IRQHandler
                0x0000000008005040                I2C3_EV_IRQHandler
                0x0000000008005040                EXTI9_5_IRQHandler
                0x0000000008005040                RTC_WKUP_IRQHandler
                0x0000000008005040                SPI2_IRQHandler
                0x0000000008005040                OTG_HS_EP1_IN_IRQHandler
                0x0000000008005040                DMA1_Stream0_IRQHandler
                0x0000000008005040                CAN1_TX_IRQHandler
                0x0000000008005040                EXTI4_IRQHandler
                0x0000000008005040                FSMC_IRQHandler
                0x0000000008005040                OTG_HS_EP1_OUT_IRQHandler
                0x0000000008005040                WWDG_IRQHandler
                0x0000000008005040                OTG_FS_WKUP_IRQHandler
                0x0000000008005040                TIM1_TRG_COM_TIM11_IRQHandler
                0x0000000008005040                OTG_HS_IRQHandler
                0x0000000008005040                EXTI1_IRQHandler
                0x0000000008005040                USART2_IRQHandler
                0x0000000008005040                I2C2_ER_IRQHandler
                0x0000000008005040                DMA2_Stream1_IRQHandler
                0x0000000008005040                CAN1_SCE_IRQHandler
                0x0000000008005040                FLASH_IRQHandler
                0x0000000008005040                USART1_IRQHandler
                0x0000000008005040                SPI3_IRQHandler
                0x0000000008005040                DMA1_Stream4_IRQHandler
                0x0000000008005040                I2C1_ER_IRQHandler
                0x0000000008005040                DMA2_Stream6_IRQHandler
                0x0000000008005040                DMA1_Stream3_IRQHandler
 .text.dlpf_set_alpha
                0x0000000008005042       0x22 ./Drivers/LIB/Scr/DLPF_lib.o
                0x0000000008005042                dlpf_set_alpha
 .text.dlpf_get_result
                0x0000000008005064       0x78 ./Drivers/LIB/Scr/DLPF_lib.o
                0x0000000008005064                dlpf_get_result
 .text.FLASH_erase_sector
                0x00000000080050dc       0x20 ./Drivers/LIB/Scr/FLASH_lib.o
                0x00000000080050dc                FLASH_erase_sector
 .text.FLASH_set_sector_addrs
                0x00000000080050fc       0x2c ./Drivers/LIB/Scr/FLASH_lib.o
                0x00000000080050fc                FLASH_set_sector_addrs
 .text.FLASH_write
                0x0000000008005128       0xf4 ./Drivers/LIB/Scr/FLASH_lib.o
                0x0000000008005128                FLASH_write
 .text.FLASH_read
                0x000000000800521c       0xb8 ./Drivers/LIB/Scr/FLASH_lib.o
                0x000000000800521c                FLASH_read
 .text.PID_set_konstanta
                0x00000000080052d4       0x3e ./Drivers/LIB/Scr/PID_lib.o
                0x00000000080052d4                PID_set_konstanta
 .text.PID_set_max_value
                0x0000000008005312       0x30 ./Drivers/LIB/Scr/PID_lib.o
                0x0000000008005312                PID_set_max_value
 *fill*         0x0000000008005342        0x2 
 .text.PID_calculate
                0x0000000008005344      0x238 ./Drivers/LIB/Scr/PID_lib.o
                0x0000000008005344                PID_calculate
 .text.counting_time
                0x000000000800557c       0x1c ./Drivers/LIB/Scr/PID_lib.o
                0x000000000800557c                counting_time
 .text.get_us   0x0000000008005598       0x58 ./Drivers/LIB/Scr/PID_lib.o
                0x0000000008005598                get_us
 .text.HAL_Init
                0x00000000080055f0       0x44 ./Drivers/STM32F4xx_HAL_Driver/Src/stm32f4xx_hal.o
                0x00000000080055f0                HAL_Init
 .text.HAL_InitTick
                0x0000000008005634       0x60 ./Drivers/STM32F4xx_HAL_Driver/Src/stm32f4xx_hal.o
                0x0000000008005634                HAL_InitTick
 .text.HAL_IncTick
                0x0000000008005694       0x28 ./Drivers/STM32F4xx_HAL_Driver/Src/stm32f4xx_hal.o
                0x0000000008005694                HAL_IncTick
 .text.HAL_GetTick
                0x00000000080056bc       0x18 ./Drivers/STM32F4xx_HAL_Driver/Src/stm32f4xx_hal.o
                0x00000000080056bc                HAL_GetTick
 .text.HAL_Delay
                0x00000000080056d4       0x48 ./Drivers/STM32F4xx_HAL_Driver/Src/stm32f4xx_hal.o
                0x00000000080056d4                HAL_Delay
 .text.HAL_ADC_Init
                0x000000000800571c       0x86 ./Drivers/STM32F4xx_HAL_Driver/Src/stm32f4xx_hal_adc.o
                0x000000000800571c                HAL_ADC_Init
 .text.HAL_ADC_IRQHandler
                0x00000000080057a2      0x220 ./Drivers/STM32F4xx_HAL_Driver/Src/stm32f4xx_hal_adc.o
                0x00000000080057a2                HAL_ADC_IRQHandler
 .text.HAL_ADC_ConvCpltCallback
                0x00000000080059c2       0x14 ./Drivers/STM32F4xx_HAL_Driver/Src/stm32f4xx_hal_adc.o
                0x00000000080059c2                HAL_ADC_ConvCpltCallback
 .text.HAL_ADC_LevelOutOfWindowCallback
                0x00000000080059d6       0x14 ./Drivers/STM32F4xx_HAL_Driver/Src/stm32f4xx_hal_adc.o
                0x00000000080059d6                HAL_ADC_LevelOutOfWindowCallback
 .text.HAL_ADC_ErrorCallback
                0x00000000080059ea       0x14 ./Drivers/STM32F4xx_HAL_Driver/Src/stm32f4xx_hal_adc.o
                0x00000000080059ea                HAL_ADC_ErrorCallback
 *fill*         0x00000000080059fe        0x2 
 .text.HAL_ADC_ConfigChannel
                0x0000000008005a00      0x244 ./Drivers/STM32F4xx_HAL_Driver/Src/stm32f4xx_hal_adc.o
                0x0000000008005a00                HAL_ADC_ConfigChannel
 .text.ADC_Init
                0x0000000008005c44      0x1f8 ./Drivers/STM32F4xx_HAL_Driver/Src/stm32f4xx_hal_adc.o
 .text.HAL_ADCEx_InjectedStart_IT
                0x0000000008005e3c      0x1a4 ./Drivers/STM32F4xx_HAL_Driver/Src/stm32f4xx_hal_adc_ex.o
                0x0000000008005e3c                HAL_ADCEx_InjectedStart_IT
 .text.HAL_ADCEx_InjectedGetValue
                0x0000000008005fe0       0x70 ./Drivers/STM32F4xx_HAL_Driver/Src/stm32f4xx_hal_adc_ex.o
                0x0000000008005fe0                HAL_ADCEx_InjectedGetValue
 .text.HAL_ADCEx_InjectedConfigChannel
                0x0000000008006050      0x32c ./Drivers/STM32F4xx_HAL_Driver/Src/stm32f4xx_hal_adc_ex.o
                0x0000000008006050                HAL_ADCEx_InjectedConfigChannel
 .text.HAL_CAN_Init
                0x000000000800637c      0x1f6 ./Drivers/STM32F4xx_HAL_Driver/Src/stm32f4xx_hal_can.o
                0x000000000800637c                HAL_CAN_Init
 *fill*         0x0000000008006572        0x2 
 .text.HAL_CAN_ConfigFilter
                0x0000000008006574      0x1c0 ./Drivers/STM32F4xx_HAL_Driver/Src/stm32f4xx_hal_can.o
                0x0000000008006574                HAL_CAN_ConfigFilter
 .text.HAL_CAN_Start
                0x0000000008006734       0x88 ./Drivers/STM32F4xx_HAL_Driver/Src/stm32f4xx_hal_can.o
                0x0000000008006734                HAL_CAN_Start
 .text.HAL_CAN_AddTxMessage
                0x00000000080067bc      0x1b6 ./Drivers/STM32F4xx_HAL_Driver/Src/stm32f4xx_hal_can.o
                0x00000000080067bc                HAL_CAN_AddTxMessage
 .text.HAL_CAN_GetRxMessage
                0x0000000008006972      0x224 ./Drivers/STM32F4xx_HAL_Driver/Src/stm32f4xx_hal_can.o
                0x0000000008006972                HAL_CAN_GetRxMessage
 .text.HAL_CAN_ActivateNotification
                0x0000000008006b96       0x4c ./Drivers/STM32F4xx_HAL_Driver/Src/stm32f4xx_hal_can.o
                0x0000000008006b96                HAL_CAN_ActivateNotification
 .text.HAL_CAN_IRQHandler
                0x0000000008006be2      0x36e ./Drivers/STM32F4xx_HAL_Driver/Src/stm32f4xx_hal_can.o
                0x0000000008006be2                HAL_CAN_IRQHandler
 .text.HAL_CAN_TxMailbox0CompleteCallback
                0x0000000008006f50       0x14 ./Drivers/STM32F4xx_HAL_Driver/Src/stm32f4xx_hal_can.o
                0x0000000008006f50                HAL_CAN_TxMailbox0CompleteCallback
 .text.HAL_CAN_TxMailbox1CompleteCallback
                0x0000000008006f64       0x14 ./Drivers/STM32F4xx_HAL_Driver/Src/stm32f4xx_hal_can.o
                0x0000000008006f64                HAL_CAN_TxMailbox1CompleteCallback
 .text.HAL_CAN_TxMailbox2CompleteCallback
                0x0000000008006f78       0x14 ./Drivers/STM32F4xx_HAL_Driver/Src/stm32f4xx_hal_can.o
                0x0000000008006f78                HAL_CAN_TxMailbox2CompleteCallback
 .text.HAL_CAN_TxMailbox0AbortCallback
                0x0000000008006f8c       0x14 ./Drivers/STM32F4xx_HAL_Driver/Src/stm32f4xx_hal_can.o
                0x0000000008006f8c                HAL_CAN_TxMailbox0AbortCallback
 .text.HAL_CAN_TxMailbox1AbortCallback
                0x0000000008006fa0       0x14 ./Drivers/STM32F4xx_HAL_Driver/Src/stm32f4xx_hal_can.o
                0x0000000008006fa0                HAL_CAN_TxMailbox1AbortCallback
 .text.HAL_CAN_TxMailbox2AbortCallback
                0x0000000008006fb4       0x14 ./Drivers/STM32F4xx_HAL_Driver/Src/stm32f4xx_hal_can.o
                0x0000000008006fb4                HAL_CAN_TxMailbox2AbortCallback
 .text.HAL_CAN_RxFifo0FullCallback
                0x0000000008006fc8       0x14 ./Drivers/STM32F4xx_HAL_Driver/Src/stm32f4xx_hal_can.o
                0x0000000008006fc8                HAL_CAN_RxFifo0FullCallback
 .text.HAL_CAN_RxFifo1MsgPendingCallback
                0x0000000008006fdc       0x14 ./Drivers/STM32F4xx_HAL_Driver/Src/stm32f4xx_hal_can.o
                0x0000000008006fdc                HAL_CAN_RxFifo1MsgPendingCallback
 .text.HAL_CAN_RxFifo1FullCallback
                0x0000000008006ff0       0x14 ./Drivers/STM32F4xx_HAL_Driver/Src/stm32f4xx_hal_can.o
                0x0000000008006ff0                HAL_CAN_RxFifo1FullCallback
 .text.HAL_CAN_SleepCallback
                0x0000000008007004       0x14 ./Drivers/STM32F4xx_HAL_Driver/Src/stm32f4xx_hal_can.o
                0x0000000008007004                HAL_CAN_SleepCallback
 .text.HAL_CAN_WakeUpFromRxMsgCallback
                0x0000000008007018       0x14 ./Drivers/STM32F4xx_HAL_Driver/Src/stm32f4xx_hal_can.o
                0x0000000008007018                HAL_CAN_WakeUpFromRxMsgCallback
 .text.HAL_CAN_ErrorCallback
                0x000000000800702c       0x14 ./Drivers/STM32F4xx_HAL_Driver/Src/stm32f4xx_hal_can.o
                0x000000000800702c                HAL_CAN_ErrorCallback
 .text.__NVIC_SetPriorityGrouping
                0x0000000008007040       0x48 ./Drivers/STM32F4xx_HAL_Driver/Src/stm32f4xx_hal_cortex.o
 .text.__NVIC_GetPriorityGrouping
                0x0000000008007088       0x1c ./Drivers/STM32F4xx_HAL_Driver/Src/stm32f4xx_hal_cortex.o
 .text.__NVIC_EnableIRQ
                0x00000000080070a4       0x3c ./Drivers/STM32F4xx_HAL_Driver/Src/stm32f4xx_hal_cortex.o
 .text.__NVIC_SetPriority
                0x00000000080070e0       0x54 ./Drivers/STM32F4xx_HAL_Driver/Src/stm32f4xx_hal_cortex.o
 .text.NVIC_EncodePriority
                0x0000000008007134       0x66 ./Drivers/STM32F4xx_HAL_Driver/Src/stm32f4xx_hal_cortex.o
 *fill*         0x000000000800719a        0x2 
 .text.SysTick_Config
                0x000000000800719c       0x44 ./Drivers/STM32F4xx_HAL_Driver/Src/stm32f4xx_hal_cortex.o
 .text.HAL_NVIC_SetPriorityGrouping
                0x00000000080071e0       0x16 ./Drivers/STM32F4xx_HAL_Driver/Src/stm32f4xx_hal_cortex.o
                0x00000000080071e0                HAL_NVIC_SetPriorityGrouping
 .text.HAL_NVIC_SetPriority
                0x00000000080071f6       0x38 ./Drivers/STM32F4xx_HAL_Driver/Src/stm32f4xx_hal_cortex.o
                0x00000000080071f6                HAL_NVIC_SetPriority
 .text.HAL_NVIC_EnableIRQ
                0x000000000800722e       0x1c ./Drivers/STM32F4xx_HAL_Driver/Src/stm32f4xx_hal_cortex.o
                0x000000000800722e                HAL_NVIC_EnableIRQ
 .text.HAL_SYSTICK_Config
                0x000000000800724a       0x18 ./Drivers/STM32F4xx_HAL_Driver/Src/stm32f4xx_hal_cortex.o
                0x000000000800724a                HAL_SYSTICK_Config
 *fill*         0x0000000008007262        0x2 
 .text.HAL_DMA_Init
                0x0000000008007264      0x15c ./Drivers/STM32F4xx_HAL_Driver/Src/stm32f4xx_hal_dma.o
                0x0000000008007264                HAL_DMA_Init
 .text.HAL_DMA_Start_IT
                0x00000000080073c0       0xb0 ./Drivers/STM32F4xx_HAL_Driver/Src/stm32f4xx_hal_dma.o
                0x00000000080073c0                HAL_DMA_Start_IT
 .text.HAL_DMA_Abort_IT
                0x0000000008007470       0x44 ./Drivers/STM32F4xx_HAL_Driver/Src/stm32f4xx_hal_dma.o
                0x0000000008007470                HAL_DMA_Abort_IT
 .text.HAL_DMA_IRQHandler
                0x00000000080074b4      0x314 ./Drivers/STM32F4xx_HAL_Driver/Src/stm32f4xx_hal_dma.o
                0x00000000080074b4                HAL_DMA_IRQHandler
 .text.DMA_SetConfig
                0x00000000080077c8       0x5c ./Drivers/STM32F4xx_HAL_Driver/Src/stm32f4xx_hal_dma.o
 .text.DMA_CalcBaseAndBitshift
                0x0000000008007824       0x6c ./Drivers/STM32F4xx_HAL_Driver/Src/stm32f4xx_hal_dma.o
 .text.DMA_CheckFifoParam
                0x0000000008007890       0xf8 ./Drivers/STM32F4xx_HAL_Driver/Src/stm32f4xx_hal_dma.o
 .text.HAL_FLASH_Program
                0x0000000008007988       0xa8 ./Drivers/STM32F4xx_HAL_Driver/Src/stm32f4xx_hal_flash.o
                0x0000000008007988                HAL_FLASH_Program
 .text.HAL_FLASH_Unlock
                0x0000000008007a30       0x44 ./Drivers/STM32F4xx_HAL_Driver/Src/stm32f4xx_hal_flash.o
                0x0000000008007a30                HAL_FLASH_Unlock
 .text.HAL_FLASH_Lock
                0x0000000008007a74       0x20 ./Drivers/STM32F4xx_HAL_Driver/Src/stm32f4xx_hal_flash.o
                0x0000000008007a74                HAL_FLASH_Lock
 .text.FLASH_WaitForLastOperation
                0x0000000008007a94       0x80 ./Drivers/STM32F4xx_HAL_Driver/Src/stm32f4xx_hal_flash.o
                0x0000000008007a94                FLASH_WaitForLastOperation
 .text.FLASH_Program_DoubleWord
                0x0000000008007b14       0x64 ./Drivers/STM32F4xx_HAL_Driver/Src/stm32f4xx_hal_flash.o
 .text.FLASH_Program_Word
                0x0000000008007b78       0x44 ./Drivers/STM32F4xx_HAL_Driver/Src/stm32f4xx_hal_flash.o
 .text.FLASH_Program_HalfWord
                0x0000000008007bbc       0x48 ./Drivers/STM32F4xx_HAL_Driver/Src/stm32f4xx_hal_flash.o
 .text.FLASH_Program_Byte
                0x0000000008007c04       0x44 ./Drivers/STM32F4xx_HAL_Driver/Src/stm32f4xx_hal_flash.o
 .text.FLASH_SetErrorCode
                0x0000000008007c48       0xac ./Drivers/STM32F4xx_HAL_Driver/Src/stm32f4xx_hal_flash.o
 .text.FLASH_Erase_Sector
                0x0000000008007cf4       0x90 ./Drivers/STM32F4xx_HAL_Driver/Src/stm32f4xx_hal_flash_ex.o
                0x0000000008007cf4                FLASH_Erase_Sector
 .text.HAL_GPIO_Init
                0x0000000008007d84      0x338 ./Drivers/STM32F4xx_HAL_Driver/Src/stm32f4xx_hal_gpio.o
                0x0000000008007d84                HAL_GPIO_Init
 .text.HAL_GPIO_WritePin
                0x00000000080080bc       0x32 ./Drivers/STM32F4xx_HAL_Driver/Src/stm32f4xx_hal_gpio.o
                0x00000000080080bc                HAL_GPIO_WritePin
 *fill*         0x00000000080080ee        0x2 
 .text.HAL_GPIO_EXTI_IRQHandler
                0x00000000080080f0       0x30 ./Drivers/STM32F4xx_HAL_Driver/Src/stm32f4xx_hal_gpio.o
                0x00000000080080f0                HAL_GPIO_EXTI_IRQHandler
 .text.HAL_PCD_Init
                0x0000000008008120      0x23a ./Drivers/STM32F4xx_HAL_Driver/Src/stm32f4xx_hal_pcd.o
                0x0000000008008120                HAL_PCD_Init
 .text.HAL_PCD_Start
                0x000000000800835a       0x66 ./Drivers/STM32F4xx_HAL_Driver/Src/stm32f4xx_hal_pcd.o
                0x000000000800835a                HAL_PCD_Start
 .text.HAL_PCD_IRQHandler
                0x00000000080083c0      0x93e ./Drivers/STM32F4xx_HAL_Driver/Src/stm32f4xx_hal_pcd.o
                0x00000000080083c0                HAL_PCD_IRQHandler
 .text.HAL_PCD_SetAddress
                0x0000000008008cfe       0x4a ./Drivers/STM32F4xx_HAL_Driver/Src/stm32f4xx_hal_pcd.o
                0x0000000008008cfe                HAL_PCD_SetAddress
 .text.HAL_PCD_EP_Open
                0x0000000008008d48       0xd0 ./Drivers/STM32F4xx_HAL_Driver/Src/stm32f4xx_hal_pcd.o
                0x0000000008008d48                HAL_PCD_EP_Open
 .text.HAL_PCD_EP_Close
                0x0000000008008e18       0x94 ./Drivers/STM32F4xx_HAL_Driver/Src/stm32f4xx_hal_pcd.o
                0x0000000008008e18                HAL_PCD_EP_Close
 .text.HAL_PCD_EP_Receive
                0x0000000008008eac       0x96 ./Drivers/STM32F4xx_HAL_Driver/Src/stm32f4xx_hal_pcd.o
                0x0000000008008eac                HAL_PCD_EP_Receive
 .text.HAL_PCD_EP_GetRxCount
                0x0000000008008f42       0x30 ./Drivers/STM32F4xx_HAL_Driver/Src/stm32f4xx_hal_pcd.o
                0x0000000008008f42                HAL_PCD_EP_GetRxCount
 .text.HAL_PCD_EP_Transmit
                0x0000000008008f72       0x94 ./Drivers/STM32F4xx_HAL_Driver/Src/stm32f4xx_hal_pcd.o
                0x0000000008008f72                HAL_PCD_EP_Transmit
 .text.HAL_PCD_EP_SetStall
                0x0000000008009006       0xc8 ./Drivers/STM32F4xx_HAL_Driver/Src/stm32f4xx_hal_pcd.o
                0x0000000008009006                HAL_PCD_EP_SetStall
 .text.HAL_PCD_EP_ClrStall
                0x00000000080090ce       0xac ./Drivers/STM32F4xx_HAL_Driver/Src/stm32f4xx_hal_pcd.o
                0x00000000080090ce                HAL_PCD_EP_ClrStall
 .text.HAL_PCD_EP_Abort
                0x000000000800917a       0x62 ./Drivers/STM32F4xx_HAL_Driver/Src/stm32f4xx_hal_pcd.o
                0x000000000800917a                HAL_PCD_EP_Abort
 .text.PCD_WriteEmptyTxFifo
                0x00000000080091dc      0x11a ./Drivers/STM32F4xx_HAL_Driver/Src/stm32f4xx_hal_pcd.o
 *fill*         0x00000000080092f6        0x2 
 .text.PCD_EP_OutXfrComplete_int
                0x00000000080092f8      0x1d0 ./Drivers/STM32F4xx_HAL_Driver/Src/stm32f4xx_hal_pcd.o
 .text.PCD_EP_OutSetupPacket_int
                0x00000000080094c8       0x8c ./Drivers/STM32F4xx_HAL_Driver/Src/stm32f4xx_hal_pcd.o
 .text.HAL_PCDEx_SetTxFiFo
                0x0000000008009554       0x8e ./Drivers/STM32F4xx_HAL_Driver/Src/stm32f4xx_hal_pcd_ex.o
                0x0000000008009554                HAL_PCDEx_SetTxFiFo
 .text.HAL_PCDEx_SetRxFiFo
                0x00000000080095e2       0x22 ./Drivers/STM32F4xx_HAL_Driver/Src/stm32f4xx_hal_pcd_ex.o
                0x00000000080095e2                HAL_PCDEx_SetRxFiFo
 .text.HAL_PCDEx_LPM_Callback
                0x0000000008009604       0x18 ./Drivers/STM32F4xx_HAL_Driver/Src/stm32f4xx_hal_pcd_ex.o
                0x0000000008009604                HAL_PCDEx_LPM_Callback
 .text.HAL_RCC_OscConfig
                0x000000000800961c      0x4f0 ./Drivers/STM32F4xx_HAL_Driver/Src/stm32f4xx_hal_rcc.o
                0x000000000800961c                HAL_RCC_OscConfig
 .text.HAL_RCC_ClockConfig
                0x0000000008009b0c      0x1cc ./Drivers/STM32F4xx_HAL_Driver/Src/stm32f4xx_hal_rcc.o
                0x0000000008009b0c                HAL_RCC_ClockConfig
 .text.HAL_RCC_GetSysClockFreq
                0x0000000008009cd8      0x18c ./Drivers/STM32F4xx_HAL_Driver/Src/stm32f4xx_hal_rcc.o
                0x0000000008009cd8                HAL_RCC_GetSysClockFreq
 .text.HAL_RCC_GetHCLKFreq
                0x0000000008009e64       0x18 ./Drivers/STM32F4xx_HAL_Driver/Src/stm32f4xx_hal_rcc.o
                0x0000000008009e64                HAL_RCC_GetHCLKFreq
 .text.HAL_SPI_Init
                0x0000000008009e7c      0x112 ./Drivers/STM32F4xx_HAL_Driver/Src/stm32f4xx_hal_spi.o
                0x0000000008009e7c                HAL_SPI_Init
 *fill*         0x0000000008009f8e        0x2 
 .text.HAL_SPI_TransmitReceive_DMA
                0x0000000008009f90      0x204 ./Drivers/STM32F4xx_HAL_Driver/Src/stm32f4xx_hal_spi.o
                0x0000000008009f90                HAL_SPI_TransmitReceive_DMA
 .text.HAL_SPI_IRQHandler
                0x000000000800a194      0x200 ./Drivers/STM32F4xx_HAL_Driver/Src/stm32f4xx_hal_spi.o
                0x000000000800a194                HAL_SPI_IRQHandler
 .text.HAL_SPI_RxCpltCallback
                0x000000000800a394       0x14 ./Drivers/STM32F4xx_HAL_Driver/Src/stm32f4xx_hal_spi.o
                0x000000000800a394                HAL_SPI_RxCpltCallback
 .text.HAL_SPI_RxHalfCpltCallback
                0x000000000800a3a8       0x14 ./Drivers/STM32F4xx_HAL_Driver/Src/stm32f4xx_hal_spi.o
                0x000000000800a3a8                HAL_SPI_RxHalfCpltCallback
 .text.HAL_SPI_TxRxHalfCpltCallback
                0x000000000800a3bc       0x14 ./Drivers/STM32F4xx_HAL_Driver/Src/stm32f4xx_hal_spi.o
                0x000000000800a3bc                HAL_SPI_TxRxHalfCpltCallback
 .text.HAL_SPI_ErrorCallback
                0x000000000800a3d0       0x14 ./Drivers/STM32F4xx_HAL_Driver/Src/stm32f4xx_hal_spi.o
                0x000000000800a3d0                HAL_SPI_ErrorCallback
 .text.SPI_DMAReceiveCplt
                0x000000000800a3e4       0xa8 ./Drivers/STM32F4xx_HAL_Driver/Src/stm32f4xx_hal_spi.o
 .text.SPI_DMATransmitReceiveCplt
                0x000000000800a48c       0x90 ./Drivers/STM32F4xx_HAL_Driver/Src/stm32f4xx_hal_spi.o
 .text.SPI_DMAHalfReceiveCplt
                0x000000000800a51c       0x1c ./Drivers/STM32F4xx_HAL_Driver/Src/stm32f4xx_hal_spi.o
 .text.SPI_DMAHalfTransmitReceiveCplt
                0x000000000800a538       0x1c ./Drivers/STM32F4xx_HAL_Driver/Src/stm32f4xx_hal_spi.o
 .text.SPI_DMAError
                0x000000000800a554       0x40 ./Drivers/STM32F4xx_HAL_Driver/Src/stm32f4xx_hal_spi.o
 .text.SPI_DMAAbortOnError
                0x000000000800a594       0x28 ./Drivers/STM32F4xx_HAL_Driver/Src/stm32f4xx_hal_spi.o
 .text.SPI_WaitFlagStateUntilTimeout
                0x000000000800a5bc      0x110 ./Drivers/STM32F4xx_HAL_Driver/Src/stm32f4xx_hal_spi.o
 .text.SPI_EndRxTransaction
                0x000000000800a6cc       0xca ./Drivers/STM32F4xx_HAL_Driver/Src/stm32f4xx_hal_spi.o
 *fill*         0x000000000800a796        0x2 
 .text.SPI_EndRxTxTransaction
                0x000000000800a798       0x84 ./Drivers/STM32F4xx_HAL_Driver/Src/stm32f4xx_hal_spi.o
 .text.HAL_TIM_Base_Init
                0x000000000800a81c       0x9e ./Drivers/STM32F4xx_HAL_Driver/Src/stm32f4xx_hal_tim.o
                0x000000000800a81c                HAL_TIM_Base_Init
 *fill*         0x000000000800a8ba        0x2 
 .text.HAL_TIM_Base_Start_IT
                0x000000000800a8bc       0xe0 ./Drivers/STM32F4xx_HAL_Driver/Src/stm32f4xx_hal_tim.o
                0x000000000800a8bc                HAL_TIM_Base_Start_IT
 .text.HAL_TIM_PWM_Init
                0x000000000800a99c       0x9e ./Drivers/STM32F4xx_HAL_Driver/Src/stm32f4xx_hal_tim.o
                0x000000000800a99c                HAL_TIM_PWM_Init
 .text.HAL_TIM_PWM_MspInit
                0x000000000800aa3a       0x14 ./Drivers/STM32F4xx_HAL_Driver/Src/stm32f4xx_hal_tim.o
                0x000000000800aa3a                HAL_TIM_PWM_MspInit
 *fill*         0x000000000800aa4e        0x2 
 .text.HAL_TIM_PWM_Start
                0x000000000800aa50      0x190 ./Drivers/STM32F4xx_HAL_Driver/Src/stm32f4xx_hal_tim.o
                0x000000000800aa50                HAL_TIM_PWM_Start
 .text.HAL_TIM_IRQHandler
                0x000000000800abe0      0x210 ./Drivers/STM32F4xx_HAL_Driver/Src/stm32f4xx_hal_tim.o
                0x000000000800abe0                HAL_TIM_IRQHandler
 .text.HAL_TIM_PWM_ConfigChannel
                0x000000000800adf0      0x184 ./Drivers/STM32F4xx_HAL_Driver/Src/stm32f4xx_hal_tim.o
                0x000000000800adf0                HAL_TIM_PWM_ConfigChannel
 .text.HAL_TIM_ConfigClockSource
                0x000000000800af74      0x18e ./Drivers/STM32F4xx_HAL_Driver/Src/stm32f4xx_hal_tim.o
                0x000000000800af74                HAL_TIM_ConfigClockSource
 .text.HAL_TIM_OC_DelayElapsedCallback
                0x000000000800b102       0x14 ./Drivers/STM32F4xx_HAL_Driver/Src/stm32f4xx_hal_tim.o
                0x000000000800b102                HAL_TIM_OC_DelayElapsedCallback
 .text.HAL_TIM_PWM_PulseFinishedCallback
                0x000000000800b116       0x14 ./Drivers/STM32F4xx_HAL_Driver/Src/stm32f4xx_hal_tim.o
                0x000000000800b116                HAL_TIM_PWM_PulseFinishedCallback
 .text.HAL_TIM_TriggerCallback
                0x000000000800b12a       0x14 ./Drivers/STM32F4xx_HAL_Driver/Src/stm32f4xx_hal_tim.o
                0x000000000800b12a                HAL_TIM_TriggerCallback
 *fill*         0x000000000800b13e        0x2 
 .text.TIM_Base_SetConfig
                0x000000000800b140      0x140 ./Drivers/STM32F4xx_HAL_Driver/Src/stm32f4xx_hal_tim.o
                0x000000000800b140                TIM_Base_SetConfig
 .text.TIM_OC1_SetConfig
                0x000000000800b280       0xe0 ./Drivers/STM32F4xx_HAL_Driver/Src/stm32f4xx_hal_tim.o
 .text.TIM_OC2_SetConfig
                0x000000000800b360       0xec ./Drivers/STM32F4xx_HAL_Driver/Src/stm32f4xx_hal_tim.o
                0x000000000800b360                TIM_OC2_SetConfig
 .text.TIM_OC3_SetConfig
                0x000000000800b44c       0xe8 ./Drivers/STM32F4xx_HAL_Driver/Src/stm32f4xx_hal_tim.o
 .text.TIM_OC4_SetConfig
                0x000000000800b534       0xac ./Drivers/STM32F4xx_HAL_Driver/Src/stm32f4xx_hal_tim.o
 .text.TIM_TI1_SetConfig
                0x000000000800b5e0       0xe8 ./Drivers/STM32F4xx_HAL_Driver/Src/stm32f4xx_hal_tim.o
                0x000000000800b5e0                TIM_TI1_SetConfig
 .text.TIM_TI1_ConfigInputStage
                0x000000000800b6c8       0x5e ./Drivers/STM32F4xx_HAL_Driver/Src/stm32f4xx_hal_tim.o
 .text.TIM_TI2_ConfigInputStage
                0x000000000800b726       0x60 ./Drivers/STM32F4xx_HAL_Driver/Src/stm32f4xx_hal_tim.o
 .text.TIM_ITRx_SetConfig
                0x000000000800b786       0x36 ./Drivers/STM32F4xx_HAL_Driver/Src/stm32f4xx_hal_tim.o
 .text.TIM_ETR_SetConfig
                0x000000000800b7bc       0x40 ./Drivers/STM32F4xx_HAL_Driver/Src/stm32f4xx_hal_tim.o
                0x000000000800b7bc                TIM_ETR_SetConfig
 .text.TIM_CCxChannelCmd
                0x000000000800b7fc       0x4a ./Drivers/STM32F4xx_HAL_Driver/Src/stm32f4xx_hal_tim.o
                0x000000000800b7fc                TIM_CCxChannelCmd
 .text.HAL_TIMEx_HallSensor_Init
                0x000000000800b846      0x152 ./Drivers/STM32F4xx_HAL_Driver/Src/stm32f4xx_hal_tim_ex.o
                0x000000000800b846                HAL_TIMEx_HallSensor_Init
 .text.HAL_TIMEx_HallSensor_MspInit
                0x000000000800b998       0x14 ./Drivers/STM32F4xx_HAL_Driver/Src/stm32f4xx_hal_tim_ex.o
                0x000000000800b998                HAL_TIMEx_HallSensor_MspInit
 .text.HAL_TIMEx_HallSensor_Start_IT
                0x000000000800b9ac      0x12c ./Drivers/STM32F4xx_HAL_Driver/Src/stm32f4xx_hal_tim_ex.o
                0x000000000800b9ac                HAL_TIMEx_HallSensor_Start_IT
 .text.HAL_TIMEx_MasterConfigSynchronization
                0x000000000800bad8       0xf8 ./Drivers/STM32F4xx_HAL_Driver/Src/stm32f4xx_hal_tim_ex.o
                0x000000000800bad8                HAL_TIMEx_MasterConfigSynchronization
 .text.HAL_TIMEx_ConfigBreakDeadTime
                0x000000000800bbd0       0xa4 ./Drivers/STM32F4xx_HAL_Driver/Src/stm32f4xx_hal_tim_ex.o
                0x000000000800bbd0                HAL_TIMEx_ConfigBreakDeadTime
 .text.HAL_TIMEx_CommutCallback
                0x000000000800bc74       0x14 ./Drivers/STM32F4xx_HAL_Driver/Src/stm32f4xx_hal_tim_ex.o
                0x000000000800bc74                HAL_TIMEx_CommutCallback
 .text.HAL_TIMEx_BreakCallback
                0x000000000800bc88       0x14 ./Drivers/STM32F4xx_HAL_Driver/Src/stm32f4xx_hal_tim_ex.o
                0x000000000800bc88                HAL_TIMEx_BreakCallback
 .text.USB_CoreInit
                0x000000000800bc9c       0xc2 ./Drivers/STM32F4xx_HAL_Driver/Src/stm32f4xx_ll_usb.o
                0x000000000800bc9c                USB_CoreInit
 *fill*         0x000000000800bd5e        0x2 
 .text.USB_SetTurnaroundTime
                0x000000000800bd60      0x144 ./Drivers/STM32F4xx_HAL_Driver/Src/stm32f4xx_ll_usb.o
                0x000000000800bd60                USB_SetTurnaroundTime
 .text.USB_EnableGlobalInt
                0x000000000800bea4       0x22 ./Drivers/STM32F4xx_HAL_Driver/Src/stm32f4xx_ll_usb.o
                0x000000000800bea4                USB_EnableGlobalInt
 .text.USB_DisableGlobalInt
                0x000000000800bec6       0x22 ./Drivers/STM32F4xx_HAL_Driver/Src/stm32f4xx_ll_usb.o
                0x000000000800bec6                USB_DisableGlobalInt
 .text.USB_SetCurrentMode
                0x000000000800bee8       0x98 ./Drivers/STM32F4xx_HAL_Driver/Src/stm32f4xx_ll_usb.o
                0x000000000800bee8                USB_SetCurrentMode
 .text.USB_DevInit
                0x000000000800bf80      0x2c8 ./Drivers/STM32F4xx_HAL_Driver/Src/stm32f4xx_ll_usb.o
                0x000000000800bf80                USB_DevInit
 .text.USB_FlushTxFifo
                0x000000000800c248       0x68 ./Drivers/STM32F4xx_HAL_Driver/Src/stm32f4xx_ll_usb.o
                0x000000000800c248                USB_FlushTxFifo
 .text.USB_FlushRxFifo
                0x000000000800c2b0       0x60 ./Drivers/STM32F4xx_HAL_Driver/Src/stm32f4xx_ll_usb.o
                0x000000000800c2b0                USB_FlushRxFifo
 .text.USB_SetDevSpeed
                0x000000000800c310       0x32 ./Drivers/STM32F4xx_HAL_Driver/Src/stm32f4xx_ll_usb.o
                0x000000000800c310                USB_SetDevSpeed
 .text.USB_GetDevSpeed
                0x000000000800c342       0x4a ./Drivers/STM32F4xx_HAL_Driver/Src/stm32f4xx_ll_usb.o
                0x000000000800c342                USB_GetDevSpeed
 .text.USB_ActivateEndpoint
                0x000000000800c38c      0x10e ./Drivers/STM32F4xx_HAL_Driver/Src/stm32f4xx_ll_usb.o
                0x000000000800c38c                USB_ActivateEndpoint
 *fill*         0x000000000800c49a        0x2 
 .text.USB_DeactivateEndpoint
                0x000000000800c49c      0x1b8 ./Drivers/STM32F4xx_HAL_Driver/Src/stm32f4xx_ll_usb.o
                0x000000000800c49c                USB_DeactivateEndpoint
 .text.USB_EPStartXfer
                0x000000000800c654      0x490 ./Drivers/STM32F4xx_HAL_Driver/Src/stm32f4xx_ll_usb.o
                0x000000000800c654                USB_EPStartXfer
 .text.USB_EP0StartXfer
                0x000000000800cae4      0x2b0 ./Drivers/STM32F4xx_HAL_Driver/Src/stm32f4xx_ll_usb.o
                0x000000000800cae4                USB_EP0StartXfer
 .text.USB_EPStopXfer
                0x000000000800cd94      0x154 ./Drivers/STM32F4xx_HAL_Driver/Src/stm32f4xx_ll_usb.o
                0x000000000800cd94                USB_EPStopXfer
 .text.USB_WritePacket
                0x000000000800cee8       0x7c ./Drivers/STM32F4xx_HAL_Driver/Src/stm32f4xx_ll_usb.o
                0x000000000800cee8                USB_WritePacket
 .text.USB_ReadPacket
                0x000000000800cf64       0xb0 ./Drivers/STM32F4xx_HAL_Driver/Src/stm32f4xx_ll_usb.o
                0x000000000800cf64                USB_ReadPacket
 .text.USB_EPSetStall
                0x000000000800d014       0xdc ./Drivers/STM32F4xx_HAL_Driver/Src/stm32f4xx_ll_usb.o
                0x000000000800d014                USB_EPSetStall
 .text.USB_EPClearStall
                0x000000000800d0f0       0xcc ./Drivers/STM32F4xx_HAL_Driver/Src/stm32f4xx_ll_usb.o
                0x000000000800d0f0                USB_EPClearStall
 .text.USB_SetDevAddress
                0x000000000800d1bc       0x4c ./Drivers/STM32F4xx_HAL_Driver/Src/stm32f4xx_ll_usb.o
                0x000000000800d1bc                USB_SetDevAddress
 .text.USB_DevConnect
                0x000000000800d208       0x42 ./Drivers/STM32F4xx_HAL_Driver/Src/stm32f4xx_ll_usb.o
                0x000000000800d208                USB_DevConnect
 .text.USB_DevDisconnect
                0x000000000800d24a       0x42 ./Drivers/STM32F4xx_HAL_Driver/Src/stm32f4xx_ll_usb.o
                0x000000000800d24a                USB_DevDisconnect
 .text.USB_ReadInterrupts
                0x000000000800d28c       0x26 ./Drivers/STM32F4xx_HAL_Driver/Src/stm32f4xx_ll_usb.o
                0x000000000800d28c                USB_ReadInterrupts
 .text.USB_ReadDevAllOutEpInterrupt
                0x000000000800d2b2       0x34 ./Drivers/STM32F4xx_HAL_Driver/Src/stm32f4xx_ll_usb.o
                0x000000000800d2b2                USB_ReadDevAllOutEpInterrupt
 .text.USB_ReadDevAllInEpInterrupt
                0x000000000800d2e6       0x34 ./Drivers/STM32F4xx_HAL_Driver/Src/stm32f4xx_ll_usb.o
                0x000000000800d2e6                USB_ReadDevAllInEpInterrupt
 .text.USB_ReadDevOutEPInterrupt
                0x000000000800d31a       0x3c ./Drivers/STM32F4xx_HAL_Driver/Src/stm32f4xx_ll_usb.o
                0x000000000800d31a                USB_ReadDevOutEPInterrupt
 .text.USB_ReadDevInEPInterrupt
                0x000000000800d356       0x5c ./Drivers/STM32F4xx_HAL_Driver/Src/stm32f4xx_ll_usb.o
                0x000000000800d356                USB_ReadDevInEPInterrupt
 .text.USB_GetMode
                0x000000000800d3b2       0x1c ./Drivers/STM32F4xx_HAL_Driver/Src/stm32f4xx_ll_usb.o
                0x000000000800d3b2                USB_GetMode
 .text.USB_ActivateSetup
                0x000000000800d3ce       0x46 ./Drivers/STM32F4xx_HAL_Driver/Src/stm32f4xx_ll_usb.o
                0x000000000800d3ce                USB_ActivateSetup
 .text.USB_EP0_OutStart
                0x000000000800d414       0xbc ./Drivers/STM32F4xx_HAL_Driver/Src/stm32f4xx_ll_usb.o
                0x000000000800d414                USB_EP0_OutStart
 .text.USB_CoreReset
                0x000000000800d4d0       0x68 ./Drivers/STM32F4xx_HAL_Driver/Src/stm32f4xx_ll_usb.o
 .text.USBD_CDC_Init
                0x000000000800d538      0x1f0 ./Middlewares/ST/STM32_USB_Device_Library/Class/CDC/Src/usbd_cdc.o
 .text.USBD_CDC_DeInit
                0x000000000800d728      0x104 ./Middlewares/ST/STM32_USB_Device_Library/Class/CDC/Src/usbd_cdc.o
 .text.USBD_CDC_Setup
                0x000000000800d82c      0x1b8 ./Middlewares/ST/STM32_USB_Device_Library/Class/CDC/Src/usbd_cdc.o
 .text.USBD_CDC_DataIn
                0x000000000800d9e4       0xfe ./Middlewares/ST/STM32_USB_Device_Library/Class/CDC/Src/usbd_cdc.o
 .text.USBD_CDC_DataOut
                0x000000000800dae2       0x70 ./Middlewares/ST/STM32_USB_Device_Library/Class/CDC/Src/usbd_cdc.o
 .text.USBD_CDC_EP0_RxReady
                0x000000000800db52       0x76 ./Middlewares/ST/STM32_USB_Device_Library/Class/CDC/Src/usbd_cdc.o
 .text.USBD_CDC_GetFSCfgDesc
                0x000000000800dbc8       0x70 ./Middlewares/ST/STM32_USB_Device_Library/Class/CDC/Src/usbd_cdc.o
 .text.USBD_CDC_GetHSCfgDesc
                0x000000000800dc38       0x70 ./Middlewares/ST/STM32_USB_Device_Library/Class/CDC/Src/usbd_cdc.o
 .text.USBD_CDC_GetOtherSpeedCfgDesc
                0x000000000800dca8       0x70 ./Middlewares/ST/STM32_USB_Device_Library/Class/CDC/Src/usbd_cdc.o
 .text.USBD_CDC_GetDeviceQualifierDescriptor
                0x000000000800dd18       0x20 ./Middlewares/ST/STM32_USB_Device_Library/Class/CDC/Src/usbd_cdc.o
                0x000000000800dd18                USBD_CDC_GetDeviceQualifierDescriptor
 .text.USBD_CDC_RegisterInterface
                0x000000000800dd38       0x34 ./Middlewares/ST/STM32_USB_Device_Library/Class/CDC/Src/usbd_cdc.o
                0x000000000800dd38                USBD_CDC_RegisterInterface
 .text.USBD_CDC_SetTxBuffer
                0x000000000800dd6c       0x44 ./Middlewares/ST/STM32_USB_Device_Library/Class/CDC/Src/usbd_cdc.o
                0x000000000800dd6c                USBD_CDC_SetTxBuffer
 .text.USBD_CDC_SetRxBuffer
                0x000000000800ddb0       0x3a ./Middlewares/ST/STM32_USB_Device_Library/Class/CDC/Src/usbd_cdc.o
                0x000000000800ddb0                USBD_CDC_SetRxBuffer
 *fill*         0x000000000800ddea        0x2 
 .text.USBD_CDC_TransmitPacket
                0x000000000800ddec       0x8c ./Middlewares/ST/STM32_USB_Device_Library/Class/CDC/Src/usbd_cdc.o
                0x000000000800ddec                USBD_CDC_TransmitPacket
 .text.USBD_CDC_ReceivePacket
                0x000000000800de78       0x6c ./Middlewares/ST/STM32_USB_Device_Library/Class/CDC/Src/usbd_cdc.o
                0x000000000800de78                USBD_CDC_ReceivePacket
 .text.USBD_Init
                0x000000000800dee4       0x60 ./Middlewares/ST/STM32_USB_Device_Library/Core/Src/usbd_core.o
                0x000000000800dee4                USBD_Init
 .text.USBD_RegisterClass
                0x000000000800df44       0x6c ./Middlewares/ST/STM32_USB_Device_Library/Core/Src/usbd_core.o
                0x000000000800df44                USBD_RegisterClass
 .text.USBD_Start
                0x000000000800dfb0       0x18 ./Middlewares/ST/STM32_USB_Device_Library/Core/Src/usbd_core.o
                0x000000000800dfb0                USBD_Start
 .text.USBD_RunTestMode
                0x000000000800dfc8       0x16 ./Middlewares/ST/STM32_USB_Device_Library/Core/Src/usbd_core.o
                0x000000000800dfc8                USBD_RunTestMode
 .text.USBD_SetClassConfig
                0x000000000800dfde       0x38 ./Middlewares/ST/STM32_USB_Device_Library/Core/Src/usbd_core.o
                0x000000000800dfde                USBD_SetClassConfig
 .text.USBD_ClrClassConfig
                0x000000000800e016       0x34 ./Middlewares/ST/STM32_USB_Device_Library/Core/Src/usbd_core.o
                0x000000000800e016                USBD_ClrClassConfig
 .text.USBD_LL_SetupStage
                0x000000000800e04a       0xaa ./Middlewares/ST/STM32_USB_Device_Library/Core/Src/usbd_core.o
                0x000000000800e04a                USBD_LL_SetupStage
 .text.USBD_LL_DataOutStage
                0x000000000800e0f4      0x166 ./Middlewares/ST/STM32_USB_Device_Library/Core/Src/usbd_core.o
                0x000000000800e0f4                USBD_LL_DataOutStage
 .text.USBD_LL_DataInStage
                0x000000000800e25a      0x164 ./Middlewares/ST/STM32_USB_Device_Library/Core/Src/usbd_core.o
                0x000000000800e25a                USBD_LL_DataInStage
 .text.USBD_LL_Reset
                0x000000000800e3be       0xa4 ./Middlewares/ST/STM32_USB_Device_Library/Core/Src/usbd_core.o
                0x000000000800e3be                USBD_LL_Reset
 .text.USBD_LL_SetSpeed
                0x000000000800e462       0x20 ./Middlewares/ST/STM32_USB_Device_Library/Core/Src/usbd_core.o
                0x000000000800e462                USBD_LL_SetSpeed
 .text.USBD_LL_Suspend
                0x000000000800e482       0x2c ./Middlewares/ST/STM32_USB_Device_Library/Core/Src/usbd_core.o
                0x000000000800e482                USBD_LL_Suspend
 .text.USBD_LL_Resume
                0x000000000800e4ae       0x30 ./Middlewares/ST/STM32_USB_Device_Library/Core/Src/usbd_core.o
                0x000000000800e4ae                USBD_LL_Resume
 .text.USBD_LL_SOF
                0x000000000800e4de       0x40 ./Middlewares/ST/STM32_USB_Device_Library/Core/Src/usbd_core.o
                0x000000000800e4de                USBD_LL_SOF
 .text.USBD_LL_IsoINIncomplete
                0x000000000800e51e       0x64 ./Middlewares/ST/STM32_USB_Device_Library/Core/Src/usbd_core.o
                0x000000000800e51e                USBD_LL_IsoINIncomplete
 .text.USBD_LL_IsoOUTIncomplete
                0x000000000800e582       0x64 ./Middlewares/ST/STM32_USB_Device_Library/Core/Src/usbd_core.o
                0x000000000800e582                USBD_LL_IsoOUTIncomplete
 .text.USBD_LL_DevConnected
                0x000000000800e5e6       0x16 ./Middlewares/ST/STM32_USB_Device_Library/Core/Src/usbd_core.o
                0x000000000800e5e6                USBD_LL_DevConnected
 .text.USBD_LL_DevDisconnected
                0x000000000800e5fc       0x46 ./Middlewares/ST/STM32_USB_Device_Library/Core/Src/usbd_core.o
                0x000000000800e5fc                USBD_LL_DevDisconnected
 .text.USBD_CoreFindIF
                0x000000000800e642       0x1a ./Middlewares/ST/STM32_USB_Device_Library/Core/Src/usbd_core.o
                0x000000000800e642                USBD_CoreFindIF
 .text.USBD_CoreFindEP
                0x000000000800e65c       0x1a ./Middlewares/ST/STM32_USB_Device_Library/Core/Src/usbd_core.o
                0x000000000800e65c                USBD_CoreFindEP
 .text.USBD_GetEpDesc
                0x000000000800e676       0x74 ./Middlewares/ST/STM32_USB_Device_Library/Core/Src/usbd_core.o
                0x000000000800e676                USBD_GetEpDesc
 .text.USBD_GetNextDesc
                0x000000000800e6ea       0x3a ./Middlewares/ST/STM32_USB_Device_Library/Core/Src/usbd_core.o
                0x000000000800e6ea                USBD_GetNextDesc
 .text.SWAPBYTE
                0x000000000800e724       0x3c ./Middlewares/ST/STM32_USB_Device_Library/Core/Src/usbd_ctlreq.o
 .text.USBD_StdDevReq
                0x000000000800e760       0xe4 ./Middlewares/ST/STM32_USB_Device_Library/Core/Src/usbd_ctlreq.o
                0x000000000800e760                USBD_StdDevReq
 .text.USBD_StdItfReq
                0x000000000800e844       0xd8 ./Middlewares/ST/STM32_USB_Device_Library/Core/Src/usbd_ctlreq.o
                0x000000000800e844                USBD_StdItfReq
 .text.USBD_StdEPReq
                0x000000000800e91c      0x33a ./Middlewares/ST/STM32_USB_Device_Library/Core/Src/usbd_ctlreq.o
                0x000000000800e91c                USBD_StdEPReq
 *fill*         0x000000000800ec56        0x2 
 .text.USBD_GetDescriptor
                0x000000000800ec58      0x2d4 ./Middlewares/ST/STM32_USB_Device_Library/Core/Src/usbd_ctlreq.o
 .text.USBD_SetAddress
                0x000000000800ef2c       0x88 ./Middlewares/ST/STM32_USB_Device_Library/Core/Src/usbd_ctlreq.o
 .text.USBD_SetConfig
                0x000000000800efb4      0x154 ./Middlewares/ST/STM32_USB_Device_Library/Core/Src/usbd_ctlreq.o
 .text.USBD_GetConfig
                0x000000000800f108       0x6c ./Middlewares/ST/STM32_USB_Device_Library/Core/Src/usbd_ctlreq.o
 .text.USBD_GetStatus
                0x000000000800f174       0x68 ./Middlewares/ST/STM32_USB_Device_Library/Core/Src/usbd_ctlreq.o
 .text.USBD_SetFeature
                0x000000000800f1dc       0x52 ./Middlewares/ST/STM32_USB_Device_Library/Core/Src/usbd_ctlreq.o
 .text.USBD_ClrFeature
                0x000000000800f22e       0x44 ./Middlewares/ST/STM32_USB_Device_Library/Core/Src/usbd_ctlreq.o
 .text.USBD_ParseSetupRequest
                0x000000000800f272       0x74 ./Middlewares/ST/STM32_USB_Device_Library/Core/Src/usbd_ctlreq.o
                0x000000000800f272                USBD_ParseSetupRequest
 .text.USBD_CtlError
                0x000000000800f2e6       0x22 ./Middlewares/ST/STM32_USB_Device_Library/Core/Src/usbd_ctlreq.o
                0x000000000800f2e6                USBD_CtlError
 .text.USBD_GetString
                0x000000000800f308       0x8c ./Middlewares/ST/STM32_USB_Device_Library/Core/Src/usbd_ctlreq.o
                0x000000000800f308                USBD_GetString
 .text.USBD_GetLen
                0x000000000800f394       0x34 ./Middlewares/ST/STM32_USB_Device_Library/Core/Src/usbd_ctlreq.o
 .text.USBD_CtlSendData
                0x000000000800f3c8       0x36 ./Middlewares/ST/STM32_USB_Device_Library/Core/Src/usbd_ioreq.o
                0x000000000800f3c8                USBD_CtlSendData
 .text.USBD_CtlContinueSendData
                0x000000000800f3fe       0x22 ./Middlewares/ST/STM32_USB_Device_Library/Core/Src/usbd_ioreq.o
                0x000000000800f3fe                USBD_CtlContinueSendData
 .text.USBD_CtlPrepareRx
                0x000000000800f420       0x3a ./Middlewares/ST/STM32_USB_Device_Library/Core/Src/usbd_ioreq.o
                0x000000000800f420                USBD_CtlPrepareRx
 .text.USBD_CtlContinueRx
                0x000000000800f45a       0x22 ./Middlewares/ST/STM32_USB_Device_Library/Core/Src/usbd_ioreq.o
                0x000000000800f45a                USBD_CtlContinueRx
 .text.USBD_CtlSendStatus
                0x000000000800f47c       0x26 ./Middlewares/ST/STM32_USB_Device_Library/Core/Src/usbd_ioreq.o
                0x000000000800f47c                USBD_CtlSendStatus
 .text.USBD_CtlReceiveStatus
                0x000000000800f4a2       0x26 ./Middlewares/ST/STM32_USB_Device_Library/Core/Src/usbd_ioreq.o
                0x000000000800f4a2                USBD_CtlReceiveStatus
 .text.MX_USB_DEVICE_Init
                0x000000000800f4c8       0x60 ./USB_DEVICE/App/usb_device.o
                0x000000000800f4c8                MX_USB_DEVICE_Init
 .text.CDC_Init_FS
                0x000000000800f528       0x28 ./USB_DEVICE/App/usbd_cdc_if.o
 .text.CDC_DeInit_FS
                0x000000000800f550       0x10 ./USB_DEVICE/App/usbd_cdc_if.o
 .text.CDC_Control_FS
                0x000000000800f560       0xbc ./USB_DEVICE/App/usbd_cdc_if.o
 .text.CDC_Receive_FS
                0x000000000800f61c       0x34 ./USB_DEVICE/App/usbd_cdc_if.o
 .text.CDC_Transmit_FS
                0x000000000800f650       0x4c ./USB_DEVICE/App/usbd_cdc_if.o
                0x000000000800f650                CDC_Transmit_FS
 .text.CDC_TransmitCplt_FS
                0x000000000800f69c       0x22 ./USB_DEVICE/App/usbd_cdc_if.o
 *fill*         0x000000000800f6be        0x2 
 .text.USBD_FS_DeviceDescriptor
                0x000000000800f6c0       0x24 ./USB_DEVICE/App/usbd_desc.o
                0x000000000800f6c0                USBD_FS_DeviceDescriptor
 .text.USBD_FS_LangIDStrDescriptor
                0x000000000800f6e4       0x24 ./USB_DEVICE/App/usbd_desc.o
                0x000000000800f6e4                USBD_FS_LangIDStrDescriptor
 .text.USBD_FS_ProductStrDescriptor
                0x000000000800f708       0x3c ./USB_DEVICE/App/usbd_desc.o
                0x000000000800f708                USBD_FS_ProductStrDescriptor
 .text.USBD_FS_ManufacturerStrDescriptor
                0x000000000800f744       0x28 ./USB_DEVICE/App/usbd_desc.o
                0x000000000800f744                USBD_FS_ManufacturerStrDescriptor
 .text.USBD_FS_SerialStrDescriptor
                0x000000000800f76c       0x24 ./USB_DEVICE/App/usbd_desc.o
                0x000000000800f76c                USBD_FS_SerialStrDescriptor
 .text.USBD_FS_ConfigStrDescriptor
                0x000000000800f790       0x3c ./USB_DEVICE/App/usbd_desc.o
                0x000000000800f790                USBD_FS_ConfigStrDescriptor
 .text.USBD_FS_InterfaceStrDescriptor
                0x000000000800f7cc       0x3c ./USB_DEVICE/App/usbd_desc.o
                0x000000000800f7cc                USBD_FS_InterfaceStrDescriptor
 .text.Get_SerialNum
                0x000000000800f808       0x58 ./USB_DEVICE/App/usbd_desc.o
 .text.IntToUnicode
                0x000000000800f860       0x7e ./USB_DEVICE/App/usbd_desc.o
 *fill*         0x000000000800f8de        0x2 
 .text.HAL_PCD_MspInit
                0x000000000800f8e0       0xa8 ./USB_DEVICE/Target/usbd_conf.o
                0x000000000800f8e0                HAL_PCD_MspInit
 .text.HAL_PCD_SetupStageCallback
                0x000000000800f988       0x24 ./USB_DEVICE/Target/usbd_conf.o
                0x000000000800f988                HAL_PCD_SetupStageCallback
 .text.HAL_PCD_DataOutStageCallback
                0x000000000800f9ac       0x36 ./USB_DEVICE/Target/usbd_conf.o
                0x000000000800f9ac                HAL_PCD_DataOutStageCallback
 .text.HAL_PCD_DataInStageCallback
                0x000000000800f9e2       0x34 ./USB_DEVICE/Target/usbd_conf.o
                0x000000000800f9e2                HAL_PCD_DataInStageCallback
 .text.HAL_PCD_SOFCallback
                0x000000000800fa16       0x1c ./USB_DEVICE/Target/usbd_conf.o
                0x000000000800fa16                HAL_PCD_SOFCallback
 .text.HAL_PCD_ResetCallback
                0x000000000800fa32       0x50 ./USB_DEVICE/Target/usbd_conf.o
                0x000000000800fa32                HAL_PCD_ResetCallback
 *fill*         0x000000000800fa82        0x2 
 .text.HAL_PCD_SuspendCallback
                0x000000000800fa84       0x4c ./USB_DEVICE/Target/usbd_conf.o
                0x000000000800fa84                HAL_PCD_SuspendCallback
 .text.HAL_PCD_ResumeCallback
                0x000000000800fad0       0x1c ./USB_DEVICE/Target/usbd_conf.o
                0x000000000800fad0                HAL_PCD_ResumeCallback
 .text.HAL_PCD_ISOOUTIncompleteCallback
                0x000000000800faec       0x24 ./USB_DEVICE/Target/usbd_conf.o
                0x000000000800faec                HAL_PCD_ISOOUTIncompleteCallback
 .text.HAL_PCD_ISOINIncompleteCallback
                0x000000000800fb10       0x24 ./USB_DEVICE/Target/usbd_conf.o
                0x000000000800fb10                HAL_PCD_ISOINIncompleteCallback
 .text.HAL_PCD_ConnectCallback
                0x000000000800fb34       0x1c ./USB_DEVICE/Target/usbd_conf.o
                0x000000000800fb34                HAL_PCD_ConnectCallback
 .text.HAL_PCD_DisconnectCallback
                0x000000000800fb50       0x1c ./USB_DEVICE/Target/usbd_conf.o
                0x000000000800fb50                HAL_PCD_DisconnectCallback
 .text.USBD_LL_Init
                0x000000000800fb6c       0x98 ./USB_DEVICE/Target/usbd_conf.o
                0x000000000800fb6c                USBD_LL_Init
 .text.USBD_LL_Start
                0x000000000800fc04       0x36 ./USB_DEVICE/Target/usbd_conf.o
                0x000000000800fc04                USBD_LL_Start
 .text.USBD_LL_OpenEP
                0x000000000800fc3a       0x4c ./USB_DEVICE/Target/usbd_conf.o
                0x000000000800fc3a                USBD_LL_OpenEP
 .text.USBD_LL_CloseEP
                0x000000000800fc86       0x3e ./USB_DEVICE/Target/usbd_conf.o
                0x000000000800fc86                USBD_LL_CloseEP
 .text.USBD_LL_StallEP
                0x000000000800fcc4       0x3e ./USB_DEVICE/Target/usbd_conf.o
                0x000000000800fcc4                USBD_LL_StallEP
 .text.USBD_LL_ClearStallEP
                0x000000000800fd02       0x3e ./USB_DEVICE/Target/usbd_conf.o
                0x000000000800fd02                USBD_LL_ClearStallEP
 .text.USBD_LL_IsStallEP
                0x000000000800fd40       0x58 ./USB_DEVICE/Target/usbd_conf.o
                0x000000000800fd40                USBD_LL_IsStallEP
 .text.USBD_LL_SetUSBAddress
                0x000000000800fd98       0x3e ./USB_DEVICE/Target/usbd_conf.o
                0x000000000800fd98                USBD_LL_SetUSBAddress
 .text.USBD_LL_Transmit
                0x000000000800fdd6       0x42 ./USB_DEVICE/Target/usbd_conf.o
                0x000000000800fdd6                USBD_LL_Transmit
 .text.USBD_LL_PrepareReceive
                0x000000000800fe18       0x42 ./USB_DEVICE/Target/usbd_conf.o
                0x000000000800fe18                USBD_LL_PrepareReceive
 .text.USBD_LL_GetRxDataSize
                0x000000000800fe5a       0x26 ./USB_DEVICE/Target/usbd_conf.o
                0x000000000800fe5a                USBD_LL_GetRxDataSize
 .text.USBD_static_malloc
                0x000000000800fe80       0x1c ./USB_DEVICE/Target/usbd_conf.o
                0x000000000800fe80                USBD_static_malloc
 .text.USBD_static_free
                0x000000000800fe9c       0x14 ./USB_DEVICE/Target/usbd_conf.o
                0x000000000800fe9c                USBD_static_free
 .text.USBD_Get_USB_Status
                0x000000000800feb0       0x58 ./USB_DEVICE/Target/usbd_conf.o
                0x000000000800feb0                USBD_Get_USB_Status
 .text.__errno  0x000000000800ff08        0xc c:/st/stm32cubeide_1.6.1/stm32cubeide/plugins/com.st.stm32cube.ide.mcu.externaltools.gnu-tools-for-stm32.10.3-2021.10.win32_1.0.200.202301161003/tools/bin/../lib/gcc/arm-none-eabi/10.3.1/../../../../arm-none-eabi/lib/thumb/v7e-m+fp/hard\libc_nano.a(lib_a-errno.o)
                0x000000000800ff08                __errno
 .text.__libc_init_array
                0x000000000800ff14       0x48 c:/st/stm32cubeide_1.6.1/stm32cubeide/plugins/com.st.stm32cube.ide.mcu.externaltools.gnu-tools-for-stm32.10.3-2021.10.win32_1.0.200.202301161003/tools/bin/../lib/gcc/arm-none-eabi/10.3.1/../../../../arm-none-eabi/lib/thumb/v7e-m+fp/hard\libc_nano.a(lib_a-init.o)
                0x000000000800ff14                __libc_init_array
 .text.memset   0x000000000800ff5c       0x10 c:/st/stm32cubeide_1.6.1/stm32cubeide/plugins/com.st.stm32cube.ide.mcu.externaltools.gnu-tools-for-stm32.10.3-2021.10.win32_1.0.200.202301161003/tools/bin/../lib/gcc/arm-none-eabi/10.3.1/../../../../arm-none-eabi/lib/thumb/v7e-m+fp/hard\libc_nano.a(lib_a-memset.o)
                0x000000000800ff5c                memset
 .text.__cvt    0x000000000800ff6c       0xc4 c:/st/stm32cubeide_1.6.1/stm32cubeide/plugins/com.st.stm32cube.ide.mcu.externaltools.gnu-tools-for-stm32.10.3-2021.10.win32_1.0.200.202301161003/tools/bin/../lib/gcc/arm-none-eabi/10.3.1/../../../../arm-none-eabi/lib/thumb/v7e-m+fp/hard\libc_nano.a(lib_a-nano-vfprintf_float.o)
                0x000000000800ff6c                __cvt
 .text.__exponent
                0x0000000008010030       0x7c c:/st/stm32cubeide_1.6.1/stm32cubeide/plugins/com.st.stm32cube.ide.mcu.externaltools.gnu-tools-for-stm32.10.3-2021.10.win32_1.0.200.202301161003/tools/bin/../lib/gcc/arm-none-eabi/10.3.1/../../../../arm-none-eabi/lib/thumb/v7e-m+fp/hard\libc_nano.a(lib_a-nano-vfprintf_float.o)
                0x0000000008010030                __exponent
 .text._printf_float
                0x00000000080100ac      0x46c c:/st/stm32cubeide_1.6.1/stm32cubeide/plugins/com.st.stm32cube.ide.mcu.externaltools.gnu-tools-for-stm32.10.3-2021.10.win32_1.0.200.202301161003/tools/bin/../lib/gcc/arm-none-eabi/10.3.1/../../../../arm-none-eabi/lib/thumb/v7e-m+fp/hard\libc_nano.a(lib_a-nano-vfprintf_float.o)
                0x00000000080100ac                _printf_float
 .text._printf_common
                0x0000000008010518       0xda c:/st/stm32cubeide_1.6.1/stm32cubeide/plugins/com.st.stm32cube.ide.mcu.externaltools.gnu-tools-for-stm32.10.3-2021.10.win32_1.0.200.202301161003/tools/bin/../lib/gcc/arm-none-eabi/10.3.1/../../../../arm-none-eabi/lib/thumb/v7e-m+fp/hard\libc_nano.a(lib_a-nano-vfprintf_i.o)
                0x0000000008010518                _printf_common
 *fill*         0x00000000080105f2        0x2 
 .text._printf_i
                0x00000000080105f4      0x24c c:/st/stm32cubeide_1.6.1/stm32cubeide/plugins/com.st.stm32cube.ide.mcu.externaltools.gnu-tools-for-stm32.10.3-2021.10.win32_1.0.200.202301161003/tools/bin/../lib/gcc/arm-none-eabi/10.3.1/../../../../arm-none-eabi/lib/thumb/v7e-m+fp/hard\libc_nano.a(lib_a-nano-vfprintf_i.o)
                0x00000000080105f4                _printf_i
 .text.sprintf  0x0000000008010840       0x40 c:/st/stm32cubeide_1.6.1/stm32cubeide/plugins/com.st.stm32cube.ide.mcu.externaltools.gnu-tools-for-stm32.10.3-2021.10.win32_1.0.200.202301161003/tools/bin/../lib/gcc/arm-none-eabi/10.3.1/../../../../arm-none-eabi/lib/thumb/v7e-m+fp/hard\libc_nano.a(lib_a-sprintf.o)
                0x0000000008010840                siprintf
                0x0000000008010840                sprintf
 .text.quorem   0x0000000008010880      0x116 c:/st/stm32cubeide_1.6.1/stm32cubeide/plugins/com.st.stm32cube.ide.mcu.externaltools.gnu-tools-for-stm32.10.3-2021.10.win32_1.0.200.202301161003/tools/bin/../lib/gcc/arm-none-eabi/10.3.1/../../../../arm-none-eabi/lib/thumb/v7e-m+fp/hard\libc_nano.a(lib_a-dtoa.o)
 *fill*         0x0000000008010996        0x2 
 .text._dtoa_r  0x0000000008010998      0xbdc c:/st/stm32cubeide_1.6.1/stm32cubeide/plugins/com.st.stm32cube.ide.mcu.externaltools.gnu-tools-for-stm32.10.3-2021.10.win32_1.0.200.202301161003/tools/bin/../lib/gcc/arm-none-eabi/10.3.1/../../../../arm-none-eabi/lib/thumb/v7e-m+fp/hard\libc_nano.a(lib_a-dtoa.o)
                0x0000000008010998                _dtoa_r
 .text._localeconv_r
                0x0000000008011574        0x8 c:/st/stm32cubeide_1.6.1/stm32cubeide/plugins/com.st.stm32cube.ide.mcu.externaltools.gnu-tools-for-stm32.10.3-2021.10.win32_1.0.200.202301161003/tools/bin/../lib/gcc/arm-none-eabi/10.3.1/../../../../arm-none-eabi/lib/thumb/v7e-m+fp/hard\libc_nano.a(lib_a-localeconv.o)
                0x0000000008011574                _localeconv_r
 .text.malloc   0x000000000801157c       0x10 c:/st/stm32cubeide_1.6.1/stm32cubeide/plugins/com.st.stm32cube.ide.mcu.externaltools.gnu-tools-for-stm32.10.3-2021.10.win32_1.0.200.202301161003/tools/bin/../lib/gcc/arm-none-eabi/10.3.1/../../../../arm-none-eabi/lib/thumb/v7e-m+fp/hard\libc_nano.a(lib_a-malloc.o)
                0x000000000801157c                malloc
 .text.memcpy   0x000000000801158c       0x1c c:/st/stm32cubeide_1.6.1/stm32cubeide/plugins/com.st.stm32cube.ide.mcu.externaltools.gnu-tools-for-stm32.10.3-2021.10.win32_1.0.200.202301161003/tools/bin/../lib/gcc/arm-none-eabi/10.3.1/../../../../arm-none-eabi/lib/thumb/v7e-m+fp/hard\libc_nano.a(lib_a-memcpy-stub.o)
                0x000000000801158c                memcpy
 .text._Balloc  0x00000000080115a8       0x80 c:/st/stm32cubeide_1.6.1/stm32cubeide/plugins/com.st.stm32cube.ide.mcu.externaltools.gnu-tools-for-stm32.10.3-2021.10.win32_1.0.200.202301161003/tools/bin/../lib/gcc/arm-none-eabi/10.3.1/../../../../arm-none-eabi/lib/thumb/v7e-m+fp/hard\libc_nano.a(lib_a-mprec.o)
                0x00000000080115a8                _Balloc
 .text._Bfree   0x0000000008011628       0x44 c:/st/stm32cubeide_1.6.1/stm32cubeide/plugins/com.st.stm32cube.ide.mcu.externaltools.gnu-tools-for-stm32.10.3-2021.10.win32_1.0.200.202301161003/tools/bin/../lib/gcc/arm-none-eabi/10.3.1/../../../../arm-none-eabi/lib/thumb/v7e-m+fp/hard\libc_nano.a(lib_a-mprec.o)
                0x0000000008011628                _Bfree
 .text.__multadd
                0x000000000801166c       0x8c c:/st/stm32cubeide_1.6.1/stm32cubeide/plugins/com.st.stm32cube.ide.mcu.externaltools.gnu-tools-for-stm32.10.3-2021.10.win32_1.0.200.202301161003/tools/bin/../lib/gcc/arm-none-eabi/10.3.1/../../../../arm-none-eabi/lib/thumb/v7e-m+fp/hard\libc_nano.a(lib_a-mprec.o)
                0x000000000801166c                __multadd
 .text.__hi0bits
                0x00000000080116f8       0x40 c:/st/stm32cubeide_1.6.1/stm32cubeide/plugins/com.st.stm32cube.ide.mcu.externaltools.gnu-tools-for-stm32.10.3-2021.10.win32_1.0.200.202301161003/tools/bin/../lib/gcc/arm-none-eabi/10.3.1/../../../../arm-none-eabi/lib/thumb/v7e-m+fp/hard\libc_nano.a(lib_a-mprec.o)
                0x00000000080116f8                __hi0bits
 .text.__lo0bits
                0x0000000008011738       0x5e c:/st/stm32cubeide_1.6.1/stm32cubeide/plugins/com.st.stm32cube.ide.mcu.externaltools.gnu-tools-for-stm32.10.3-2021.10.win32_1.0.200.202301161003/tools/bin/../lib/gcc/arm-none-eabi/10.3.1/../../../../arm-none-eabi/lib/thumb/v7e-m+fp/hard\libc_nano.a(lib_a-mprec.o)
                0x0000000008011738                __lo0bits
 *fill*         0x0000000008011796        0x2 
 .text.__i2b    0x0000000008011798       0x2c c:/st/stm32cubeide_1.6.1/stm32cubeide/plugins/com.st.stm32cube.ide.mcu.externaltools.gnu-tools-for-stm32.10.3-2021.10.win32_1.0.200.202301161003/tools/bin/../lib/gcc/arm-none-eabi/10.3.1/../../../../arm-none-eabi/lib/thumb/v7e-m+fp/hard\libc_nano.a(lib_a-mprec.o)
                0x0000000008011798                __i2b
 .text.__multiply
                0x00000000080117c4      0x154 c:/st/stm32cubeide_1.6.1/stm32cubeide/plugins/com.st.stm32cube.ide.mcu.externaltools.gnu-tools-for-stm32.10.3-2021.10.win32_1.0.200.202301161003/tools/bin/../lib/gcc/arm-none-eabi/10.3.1/../../../../arm-none-eabi/lib/thumb/v7e-m+fp/hard\libc_nano.a(lib_a-mprec.o)
                0x00000000080117c4                __multiply
 .text.__pow5mult
                0x0000000008011918       0xb4 c:/st/stm32cubeide_1.6.1/stm32cubeide/plugins/com.st.stm32cube.ide.mcu.externaltools.gnu-tools-for-stm32.10.3-2021.10.win32_1.0.200.202301161003/tools/bin/../lib/gcc/arm-none-eabi/10.3.1/../../../../arm-none-eabi/lib/thumb/v7e-m+fp/hard\libc_nano.a(lib_a-mprec.o)
                0x0000000008011918                __pow5mult
 .text.__lshift
                0x00000000080119cc       0xe0 c:/st/stm32cubeide_1.6.1/stm32cubeide/plugins/com.st.stm32cube.ide.mcu.externaltools.gnu-tools-for-stm32.10.3-2021.10.win32_1.0.200.202301161003/tools/bin/../lib/gcc/arm-none-eabi/10.3.1/../../../../arm-none-eabi/lib/thumb/v7e-m+fp/hard\libc_nano.a(lib_a-mprec.o)
                0x00000000080119cc                __lshift
 .text.__mcmp   0x0000000008011aac       0x38 c:/st/stm32cubeide_1.6.1/stm32cubeide/plugins/com.st.stm32cube.ide.mcu.externaltools.gnu-tools-for-stm32.10.3-2021.10.win32_1.0.200.202301161003/tools/bin/../lib/gcc/arm-none-eabi/10.3.1/../../../../arm-none-eabi/lib/thumb/v7e-m+fp/hard\libc_nano.a(lib_a-mprec.o)
                0x0000000008011aac                __mcmp
 .text.__mdiff  0x0000000008011ae4      0x114 c:/st/stm32cubeide_1.6.1/stm32cubeide/plugins/com.st.stm32cube.ide.mcu.externaltools.gnu-tools-for-stm32.10.3-2021.10.win32_1.0.200.202301161003/tools/bin/../lib/gcc/arm-none-eabi/10.3.1/../../../../arm-none-eabi/lib/thumb/v7e-m+fp/hard\libc_nano.a(lib_a-mprec.o)
                0x0000000008011ae4                __mdiff
 .text.__d2b    0x0000000008011bf8       0xb8 c:/st/stm32cubeide_1.6.1/stm32cubeide/plugins/com.st.stm32cube.ide.mcu.externaltools.gnu-tools-for-stm32.10.3-2021.10.win32_1.0.200.202301161003/tools/bin/../lib/gcc/arm-none-eabi/10.3.1/../../../../arm-none-eabi/lib/thumb/v7e-m+fp/hard\libc_nano.a(lib_a-mprec.o)
                0x0000000008011bf8                __d2b
 .text._calloc_r
                0x0000000008011cb0       0x2c c:/st/stm32cubeide_1.6.1/stm32cubeide/plugins/com.st.stm32cube.ide.mcu.externaltools.gnu-tools-for-stm32.10.3-2021.10.win32_1.0.200.202301161003/tools/bin/../lib/gcc/arm-none-eabi/10.3.1/../../../../arm-none-eabi/lib/thumb/v7e-m+fp/hard\libc_nano.a(lib_a-nano-callocr.o)
                0x0000000008011cb0                _calloc_r
 .text._free_r  0x0000000008011cdc       0x98 c:/st/stm32cubeide_1.6.1/stm32cubeide/plugins/com.st.stm32cube.ide.mcu.externaltools.gnu-tools-for-stm32.10.3-2021.10.win32_1.0.200.202301161003/tools/bin/../lib/gcc/arm-none-eabi/10.3.1/../../../../arm-none-eabi/lib/thumb/v7e-m+fp/hard\libc_nano.a(lib_a-nano-freer.o)
                0x0000000008011cdc                _free_r
 .text.sbrk_aligned
                0x0000000008011d74       0x40 c:/st/stm32cubeide_1.6.1/stm32cubeide/plugins/com.st.stm32cube.ide.mcu.externaltools.gnu-tools-for-stm32.10.3-2021.10.win32_1.0.200.202301161003/tools/bin/../lib/gcc/arm-none-eabi/10.3.1/../../../../arm-none-eabi/lib/thumb/v7e-m+fp/hard\libc_nano.a(lib_a-nano-mallocr.o)
 .text._malloc_r