../Drivers/LIB/Scr/SWERVE_DRIVE_BLDC.c:24:6:BLDC_beep	32	static
../Drivers/LIB/Scr/SWERVE_DRIVE_BLDC.c:60:6:BLDC_get_sector	24	static
../Drivers/LIB/Scr/SWERVE_DRIVE_BLDC.c:106:6:BLDC_rpm_sens	16	static
../Drivers/LIB/Scr/SWERVE_DRIVE_BLDC.c:122:6:BLDC_get_rpm	16	static
../Drivers/LIB/Scr/SWERVE_DRIVE_BLDC.c:136:6:BLDC_set_speed	88	static
../Drivers/LIB/Scr/SWERVE_DRIVE_BLDC.c:201:6:BLDC_set_angle	48	static
../Drivers/LIB/Scr/SWERVE_DRIVE_BLDC.c:224:6:BLDC_calibrate	32	static
../Drivers/LIB/Scr/SWERVE_DRIVE_BLDC.c:264:6:zero_mosfet	8	static
../Drivers/LIB/Scr/SWERVE_DRIVE_BLDC.c:276:6:BLDC2_zero_cal	16	static
