../Drivers/LIB/Scr/SWERVE_DRIVE_BLDC.c:40:6:wheeled_motor_set_speed	16	static
../Drivers/LIB/Scr/SWERVE_DRIVE_BLDC.c:44:6:steering_motor_set_angle	16	static
../Drivers/LIB/Scr/SWERVE_DRIVE_BLDC.c:48:7:wheeled_motor_get_speed_setpoint	4	static
../Drivers/LIB/Scr/SWERVE_DRIVE_BLDC.c:52:7:steering_motor_get_angle_set_point	4	static
../Drivers/LIB/Scr/SWERVE_DRIVE_BLDC.c:56:6:BLDC_beep	32	static
../Drivers/LIB/Scr/SWERVE_DRIVE_BLDC.c:92:6:BLDC_get_sector	24	static
../Drivers/LIB/Scr/SWERVE_DRIVE_BLDC.c:138:6:BLDC_rpm_sens	16	static
../Drivers/LIB/Scr/SWERVE_DRIVE_BLDC.c:154:6:BLDC_get_rpm	16	static
../Drivers/LIB/Scr/SWERVE_DRIVE_BLDC.c:168:6:BLDC_speed_control	32	static
../Drivers/LIB/Scr/SWERVE_DRIVE_BLDC.c:215:6:BLDC_angle_control	8	static
../Drivers/LIB/Scr/SWERVE_DRIVE_BLDC.c:235:6:zero_steer	24	static
../Drivers/LIB/Scr/SWERVE_DRIVE_BLDC.c:258:6:BLDC_calibrate	40	static
../Drivers/LIB/Scr/SWERVE_DRIVE_BLDC.c:298:6:zero_mosfet	8	static
../Drivers/LIB/Scr/SWERVE_DRIVE_BLDC.c:310:6:BLDC2_zero_cal	16	static
../Drivers/LIB/Scr/SWERVE_DRIVE_BLDC.c:335:6:battery_read_init	8	static
../Drivers/LIB/Scr/SWERVE_DRIVE_BLDC.c:347:7:read_battery	16	static
../Drivers/LIB/Scr/SWERVE_DRIVE_BLDC.c:363:6:HAL_ADCEx_InjectedConvCpltCallback	16	static
../Drivers/LIB/Scr/SWERVE_DRIVE_BLDC.c:386:6:HAL_TIM_IC_CaptureCallback	16	static
../Drivers/LIB/Scr/SWERVE_DRIVE_BLDC.c:403:6:HAL_GPIO_EXTI_Callback	16	static
