../Drivers/LIB/Scr/SWERVE_DRIVE_BLDC.c:40:6:wheeled_motor_set_speed	16	static
../Drivers/LIB/Scr/SWERVE_DRIVE_BLDC.c:44:6:steering_motor_set_angle	16	static
../Drivers/LIB/Scr/SWERVE_DRIVE_BLDC.c:48:6:BLDC_beep	32	static
../Drivers/LIB/Scr/SWERVE_DRIVE_BLDC.c:84:6:BLDC_get_sector	24	static
../Drivers/LIB/Scr/SWERVE_DRIVE_BLDC.c:130:6:BLDC_rpm_sens	16	static
../Drivers/LIB/Scr/SWERVE_DRIVE_BLDC.c:146:6:BLDC_get_rpm	16	static
../Drivers/LIB/Scr/SWERVE_DRIVE_BLDC.c:160:6:BLDC_speed_control	64	static
../Drivers/LIB/Scr/SWERVE_DRIVE_BLDC.c:203:6:BLDC_angle_control	32	static
../Drivers/LIB/Scr/SWERVE_DRIVE_BLDC.c:223:6:zero_steer	24	static
../Drivers/LIB/Scr/SWERVE_DRIVE_BLDC.c:246:6:BLDC_calibrate	32	static
../Drivers/LIB/Scr/SWERVE_DRIVE_BLDC.c:286:6:zero_mosfet	8	static
../Drivers/LIB/Scr/SWERVE_DRIVE_BLDC.c:298:6:BLDC2_zero_cal	16	static
../Drivers/LIB/Scr/SWERVE_DRIVE_BLDC.c:323:6:battery_read_init	8	static
../Drivers/LIB/Scr/SWERVE_DRIVE_BLDC.c:335:8:read_battery	24	static
../Drivers/LIB/Scr/SWERVE_DRIVE_BLDC.c:351:6:HAL_ADCEx_InjectedConvCpltCallback	16	static
../Drivers/LIB/Scr/SWERVE_DRIVE_BLDC.c:368:6:HAL_TIM_IC_CaptureCallback	16	static
../Drivers/LIB/Scr/SWERVE_DRIVE_BLDC.c:385:6:HAL_GPIO_EXTI_Callback	16	static
