../Drivers/LIB/Scr/TASK_COMMAND.c:101:7:get_flash_save_flag	4	static
../Drivers/LIB/Scr/TASK_COMMAND.c:105:6:set_flash_save_flag	16	static
../Drivers/LIB/Scr/TASK_COMMAND.c:109:7:get_usb_msg_flag	4	static
../Drivers/LIB/Scr/TASK_COMMAND.c:113:6:set_usb_msg_flag	16	static
../Drivers/LIB/Scr/TASK_COMMAND.c:117:10:length_check	24	static
../Drivers/LIB/Scr/TASK_COMMAND.c:125:8:str2float	72	static
../Drivers/LIB/Scr/TASK_COMMAND.c:168:7:str_compare	32	static
../Drivers/LIB/Scr/TASK_COMMAND.c:181:6:usb_motor_calibrate	16	static
../Drivers/LIB/Scr/TASK_COMMAND.c:189:6:pid_setting	32	static
../Drivers/LIB/Scr/TASK_COMMAND.c:237:6:wrong_cmd_message	32	static
../Drivers/LIB/Scr/TASK_COMMAND.c:244:10:get_param_info	48	static
../Drivers/LIB/Scr/TASK_COMMAND.c:273:6:cmd_feedback_message	40	static
../Drivers/LIB/Scr/TASK_COMMAND.c:370:6:help_text	24	static
../Drivers/LIB/Scr/TASK_COMMAND.c:438:10:count_separator	24	static
../Drivers/LIB/Scr/TASK_COMMAND.c:446:10:find_separator	24	static
../Drivers/LIB/Scr/TASK_COMMAND.c:458:10:count_float_number	24	static
../Drivers/LIB/Scr/TASK_COMMAND.c:467:5:cmd_set	88	static
../Drivers/LIB/Scr/TASK_COMMAND.c:647:6:start_command_task	16	static
