../Drivers/LIB/Scr/TASK_COMMAND.c:71:7:get_flash_save_flag	4	static
../Drivers/LIB/Scr/TASK_COMMAND.c:75:6:set_flash_save_flag	16	static
../Drivers/LIB/Scr/TASK_COMMAND.c:79:7:get_usb_msg_flag	4	static
../Drivers/LIB/Scr/TASK_COMMAND.c:83:6:set_usb_msg_flag	16	static
../Drivers/LIB/Scr/TASK_COMMAND.c:87:10:length_check	24	static
../Drivers/LIB/Scr/TASK_COMMAND.c:95:8:str2float	72	static
../Drivers/LIB/Scr/TASK_COMMAND.c:138:7:str_compare	32	static
../Drivers/LIB/Scr/TASK_COMMAND.c:151:6:usb_motor_calibrate	16	static
../Drivers/LIB/Scr/TASK_COMMAND.c:159:6:pid_setting	24	static
../Drivers/LIB/Scr/TASK_COMMAND.c:207:6:wrong_cmd_message	32	static
../Drivers/LIB/Scr/TASK_COMMAND.c:214:10:get_param_info	40	static
../Drivers/LIB/Scr/TASK_COMMAND.c:243:6:cmd_feedback_message	32	static
../Drivers/LIB/Scr/TASK_COMMAND.c:333:6:help_text	24	static
../Drivers/LIB/Scr/TASK_COMMAND.c:366:10:count_separator	24	static
../Drivers/LIB/Scr/TASK_COMMAND.c:374:10:find_separator	24	static
../Drivers/LIB/Scr/TASK_COMMAND.c:386:10:count_float_number	24	static
../Drivers/LIB/Scr/TASK_COMMAND.c:397:5:cmd_set	88	static
../Drivers/LIB/Scr/TASK_COMMAND.c:561:6:start_command_task	16	static
