../Drivers/LIB/Scr/TASK_COMMAND.c:49:7:get_flash_save_flag	4	static
../Drivers/LIB/Scr/TASK_COMMAND.c:53:6:set_flash_save_flag	16	static
../Drivers/LIB/Scr/TASK_COMMAND.c:57:7:get_usb_msg_flag	4	static
../Drivers/LIB/Scr/TASK_COMMAND.c:61:6:set_usb_msg_flag	16	static
../Drivers/LIB/Scr/TASK_COMMAND.c:65:8:str2float	72	static
../Drivers/LIB/Scr/TASK_COMMAND.c:108:7:str_compare	32	static
../Drivers/LIB/Scr/TASK_COMMAND.c:121:6:usb_motor_calibrate	16	static
../Drivers/LIB/Scr/TASK_COMMAND.c:129:6:pid_setting	24	static
../Drivers/LIB/Scr/TASK_COMMAND.c:177:6:wrong_cmd_message	32	static
../Drivers/LIB/Scr/TASK_COMMAND.c:184:10:get_param_info	40	static
../Drivers/LIB/Scr/TASK_COMMAND.c:213:6:cmd_feedback_message	32	static
../Drivers/LIB/Scr/TASK_COMMAND.c:303:10:count_separator	24	static
../Drivers/LIB/Scr/TASK_COMMAND.c:311:10:find_separator	24	static
../Drivers/LIB/Scr/TASK_COMMAND.c:319:10:count_float_number	24	static
../Drivers/LIB/Scr/TASK_COMMAND.c:328:5:cmd_set	64	static
../Drivers/LIB/Scr/TASK_COMMAND.c:485:6:start_command_task	16	static
