../Core/Src/main.c:140:6:wheel_init	8	static
../Core/Src/main.c:188:5:main	8	static
../Core/Src/main.c:313:6:SystemClock_Config	88	static
../Core/Src/main.c:359:13:MX_ADC1_Init	24	static
../Core/Src/main.c:411:13:MX_ADC2_Init	56	static
../Core/Src/main.c:516:13:MX_ADC3_Init	56	static
../Core/Src/main.c:621:13:MX_CAN1_Init	8	static
../Core/Src/main.c:658:13:MX_SPI1_Init	8	static
../Core/Src/main.c:696:13:MX_TIM1_Init	96	static
../Core/Src/main.c:783:13:MX_TIM2_Init	48	static
../Core/Src/main.c:837:13:MX_TIM3_Init	32	static
../Core/Src/main.c:882:13:MX_TIM4_Init	32	static
../Core/Src/main.c:927:13:MX_TIM5_Init	48	static
../Core/Src/main.c:981:13:MX_TIM7_Init	16	static
../Core/Src/main.c:1019:13:MX_TIM8_Init	96	static
../Core/Src/main.c:1104:13:MX_DMA_Init	16	static
../Core/Src/main.c:1134:13:MX_GPIO_Init	48	static
../Core/Src/main.c:1210:6:StartDefaultTask	24	static
../Core/Src/main.c:1248:6:HAL_TIM_PeriodElapsedCallback	16	static
../Core/Src/main.c:1282:6:Error_Handler	4	static,ignoring_inline_asm
