main.c:140:6:wheel_init	1
main.c:213:5:main	1
main.c:310:6:SystemClock_Config	3
main.c:356:13:MX_ADC1_Init	3
main.c:408:13:MX_ADC2_Init	8
main.c:513:13:MX_ADC3_Init	8
main.c:618:13:MX_CAN1_Init	2
main.c:655:13:MX_SPI1_Init	2
main.c:693:13:MX_TIM1_Init	10
main.c:780:13:MX_TIM2_Init	5
main.c:834:13:MX_TIM3_Init	4
main.c:879:13:MX_TIM4_Init	4
main.c:924:13:MX_TIM5_Init	5
main.c:978:13:MX_TIM7_Init	3
main.c:1016:13:MX_TIM8_Init	10
main.c:1101:13:MX_DMA_Init	1
main.c:1131:13:MX_GPIO_Init	1
main.c:1207:6:StartDefaultTask	4
main.c:1251:6:HAL_TIM_PeriodElapsedCallback	3
main.c:1284:6:Error_Handler	1
