../Core/Src/main.c:153:19:AS5048A_send_data	24	static
../Core/Src/main.c:170:6:battery_read_init	8	static
../Core/Src/main.c:182:8:read_battery	24	static
../Core/Src/main.c:193:6:zero_steer	24	static
../Core/Src/main.c:217:6:wheel_init	8	static
../Core/Src/main.c:259:6:HAL_ADCEx_InjectedConvCpltCallback	16	static
../Core/Src/main.c:273:6:HAL_TIM_IC_CaptureCallback	16	static
../Core/Src/main.c:287:6:HAL_SPI_TxRxCpltCallback	32	static
../Core/Src/main.c:315:6:HAL_GPIO_EXTI_Callback	16	static
../Core/Src/main.c:335:5:main	8	static
../Core/Src/main.c:470:6:SystemClock_Config	88	static
../Core/Src/main.c:516:13:MX_ADC1_Init	24	static
../Core/Src/main.c:568:13:MX_ADC2_Init	56	static
../Core/Src/main.c:673:13:MX_ADC3_Init	56	static
../Core/Src/main.c:778:13:MX_CAN1_Init	8	static
../Core/Src/main.c:815:13:MX_SPI1_Init	8	static
../Core/Src/main.c:853:13:MX_TIM1_Init	96	static
../Core/Src/main.c:940:13:MX_TIM2_Init	48	static
../Core/Src/main.c:994:13:MX_TIM3_Init	32	static
../Core/Src/main.c:1039:13:MX_TIM4_Init	32	static
../Core/Src/main.c:1084:13:MX_TIM5_Init	48	static
../Core/Src/main.c:1138:13:MX_TIM7_Init	16	static
../Core/Src/main.c:1176:13:MX_TIM8_Init	96	static
../Core/Src/main.c:1261:13:MX_DMA_Init	16	static
../Core/Src/main.c:1291:13:MX_GPIO_Init	48	static
../Core/Src/main.c:1367:6:StartDefaultTask	16	static
../Core/Src/main.c:1388:6:HAL_TIM_PeriodElapsedCallback	16	static
../Core/Src/main.c:1422:6:Error_Handler	4	static,ignoring_inline_asm
