../Core/Src/stm32f4xx_it.c:84:6:NMI_Handler	4	static
../Core/Src/stm32f4xx_it.c:99:6:HardFault_Handler	4	static
../Core/Src/stm32f4xx_it.c:114:6:MemManage_Handler	4	static
../Core/Src/stm32f4xx_it.c:129:6:BusFault_Handler	4	static
../Core/Src/stm32f4xx_it.c:144:6:UsageFault_Handler	4	static
../Core/Src/stm32f4xx_it.c:159:6:SVC_Handler	4	static
../Core/Src/stm32f4xx_it.c:172:6:DebugMon_Handler	4	static
../Core/Src/stm32f4xx_it.c:185:6:PendSV_Handler	4	static
../Core/Src/stm32f4xx_it.c:198:6:SysTick_Handler	8	static
../Core/Src/stm32f4xx_it.c:219:6:ADC_IRQHandler	8	static
../Core/Src/stm32f4xx_it.c:235:6:CAN1_RX0_IRQHandler	8	static
../Core/Src/stm32f4xx_it.c:249:6:CAN1_RX1_IRQHandler	8	static
../Core/Src/stm32f4xx_it.c:263:6:TIM2_IRQHandler	8	static
../Core/Src/stm32f4xx_it.c:277:6:TIM3_IRQHandler	8	static
../Core/Src/stm32f4xx_it.c:291:6:TIM4_IRQHandler	8	static
../Core/Src/stm32f4xx_it.c:305:6:SPI1_IRQHandler	8	static
../Core/Src/stm32f4xx_it.c:319:6:EXTI15_10_IRQHandler	8	static
../Core/Src/stm32f4xx_it.c:333:6:TIM5_IRQHandler	8	static
../Core/Src/stm32f4xx_it.c:347:6:TIM7_IRQHandler	8	static
../Core/Src/stm32f4xx_it.c:361:6:DMA2_Stream0_IRQHandler	8	static
../Core/Src/stm32f4xx_it.c:375:6:DMA2_Stream2_IRQHandler	8	static
../Core/Src/stm32f4xx_it.c:389:6:DMA2_Stream3_IRQHandler	8	static
../Core/Src/stm32f4xx_it.c:403:6:DMA2_Stream4_IRQHandler	8	static
../Core/Src/stm32f4xx_it.c:417:6:OTG_FS_IRQHandler	8	static
../Core/Src/stm32f4xx_it.c:431:6:DMA2_Stream5_IRQHandler	8	static
